<html>
<body>
<pre>
<h1>µVision Build Log</h1>
<h2>Tool Versions:</h2>
IDE-Version: ¦ÌVision V5.34.0.0
Copyright (C) 2021 ARM Ltd and ARM Germany GmbH. All rights reserved.
License Information: C 614140190@qq.com, JS, LIC=V85FJ-UFQWS-QIQ5M-XWW0R-A9NMC-Y3GJI
 
Tool Versions:
Toolchain:       MDK-ARM Professional  Version: 5.34.0.0
Toolchain Path:  C:\Keil_v5\ARM\ARMCC\Bin
C Compiler:      Armcc.exe V5.06 update 7 (build 960)
Assembler:       Armasm.exe V5.06 update 7 (build 960)
Linker/Locator:  ArmLink.exe V5.06 update 7 (build 960)
Library Manager: ArmAr.exe V5.06 update 7 (build 960)
Hex Converter:   FromElf.exe V5.06 update 7 (build 960)
CPU DLL:         SARMCM3.DLL V5.34.0.0
Dialog DLL:      DARMCM1.DLL V1.19.4.0
Target DLL:      CMSIS_AGDI.dll V1.32.13.0
Dialog DLL:      TARMCM1.DLL V1.14.3.0
 
<h2>Project:</h2>
C:\Users\61414\Desktop\HC32ÖÇÄÜ´©´÷\bsp\hc32l136\project.uvprojx
Project File Date:  05/15/2025

<h2>Output:</h2>
*** Using Compiler 'V5.06 update 7 (build 960)', folder: 'C:\Keil_v5\ARM\ARMCC\Bin'
Build target 'rt-thread'
compiling main.c...
applications\rtc_calendar.h(10): warning:  #1-D: last line of file ends without a newline
  #endif /* __RTC_CALENDAR_H__ */
applications\dht11.h(26): warning:  #1-D: last line of file ends without a newline
  #endif
applications\main.c: 2 warnings, 0 errors
linking...
Program Size: Code=38386 RO-data=12242 RW-data=1276 ZI-data=4028  
FromELF: creating hex file...
After Build - User command #1: fromelf --bin .\build\keil\Obj\rtthread.axf --output rtthread.bin
".\build\keil\Obj\rtthread.axf" - 0 Error(s), 2 Warning(s).

<h2>Software Packages used:</h2>

Package Vendor: HDSC
                https://raw.githubusercontent.com/hdscmcu/pack/master/HDSC.HC32L136.1.0.1.pack
                HDSC.HC32L136.1.0.1
                HC32L136 ARM Cortex-M0+ Device Family Pack

<h2>Collection of Component include folders:</h2>
  C:\Users\61414\AppData\Local\Arm\Packs\HDSC\HC32L136\1.0.1\Device\Include

<h2>Collection of Component Files used:</h2>
Build Time Elapsed:  00:00:01
</pre>
</body>
</html>
