Component: ARM Compiler 5.06 update 7 (build 960) Tool: armlink [4d3601]

==============================================================================

Section Cross References

    main.o(i.main) refers to oled.o(i.OLED_Init) for OLED_Init
    main.o(i.main) refers to oled.o(i.OLED_ColorTurn) for OLED_ColorTurn
    main.o(i.main) refers to oled.o(i.OLED_DisplayTurn) for OLED_DisplayTurn
    main.o(i.main) refers to oled.o(i.OLED_Clear) for OLED_Clear
    main.o(i.main) refers to rtc_calendar.o(i.RTC_Init_Config) for RTC_Init_Config
    main.o(i.main) refers to dht11.o(i.DHT11_Init) for DHT11_Init
    main.o(i.main) refers to oled.o(i.OLED_ShowString) for OLED_ShowString
    main.o(i.main) refers to oled.o(i.OLED_Refresh) for OLED_Refresh
    main.o(i.main) refers to ddl.o(i.delay1ms) for delay1ms
    main.o(i.main) refers to rtc_calendar.o(i.Display_Time) for Display_Time
    main.o(i.main) refers to dht11.o(i.Display_DHT11) for Display_DHT11
    oled.o(i.OLED_Clear) refers to oled.o(i.OLED_Refresh) for OLED_Refresh
    oled.o(i.OLED_Clear) refers to oled.o(.bss) for OLED_GRAM
    oled.o(i.OLED_ColorTurn) refers to oled.o(i.OLED_WR_Byte) for OLED_WR_Byte
    oled.o(i.OLED_DisPlay_Off) refers to oled.o(i.OLED_WR_Byte) for OLED_WR_Byte
    oled.o(i.OLED_DisPlay_On) refers to oled.o(i.OLED_WR_Byte) for OLED_WR_Byte
    oled.o(i.OLED_DisplayTurn) refers to oled.o(i.OLED_WR_Byte) for OLED_WR_Byte
    oled.o(i.OLED_DrawCircle) refers to oled.o(i.OLED_DrawPoint) for OLED_DrawPoint
    oled.o(i.OLED_DrawLine) refers to oled.o(i.OLED_DrawPoint) for OLED_DrawPoint
    oled.o(i.OLED_DrawPoint) refers to oled.o(.bss) for OLED_GRAM
    oled.o(i.OLED_Init) refers to sysctrl.o(i.Sysctrl_SetPeripheralGate) for Sysctrl_SetPeripheralGate
    oled.o(i.OLED_Init) refers to gpio.o(i.Gpio_Init) for Gpio_Init
    oled.o(i.OLED_Init) refers to gpio.o(i.Gpio_SetIO) for Gpio_SetIO
    oled.o(i.OLED_Init) refers to gpio.o(i.Gpio_ClrIO) for Gpio_ClrIO
    oled.o(i.OLED_Init) refers to ddl.o(i.delay1ms) for delay1ms
    oled.o(i.OLED_Init) refers to oled.o(i.OLED_WR_Byte) for OLED_WR_Byte
    oled.o(i.OLED_Init) refers to oled.o(i.OLED_Clear) for OLED_Clear
    oled.o(i.OLED_Refresh) refers to oled.o(i.OLED_WR_Byte) for OLED_WR_Byte
    oled.o(i.OLED_Refresh) refers to oled.o(.bss) for OLED_GRAM
    oled.o(i.OLED_ScrollDisplay) refers to oled.o(i.OLED_ShowChinese) for OLED_ShowChinese
    oled.o(i.OLED_ScrollDisplay) refers to oled.o(i.OLED_Refresh) for OLED_Refresh
    oled.o(i.OLED_ScrollDisplay) refers to oled.o(.bss) for OLED_GRAM
    oled.o(i.OLED_ShowChar) refers to oled.o(i.OLED_DrawPoint) for OLED_DrawPoint
    oled.o(i.OLED_ShowChar) refers to oled.o(.constdata) for asc2_0806
    oled.o(i.OLED_ShowChinese) refers to oled.o(i.OLED_DrawPoint) for OLED_DrawPoint
    oled.o(i.OLED_ShowChinese) refers to oled.o(.constdata) for Hzk1
    oled.o(i.OLED_ShowNum) refers to oled.o(i.OLED_Pow) for OLED_Pow
    oled.o(i.OLED_ShowNum) refers to aeabi_sdiv.o(.text) for __aeabi_uidivmod
    oled.o(i.OLED_ShowNum) refers to oled.o(i.OLED_ShowChar) for OLED_ShowChar
    oled.o(i.OLED_ShowPicture) refers to oled.o(i.OLED_DrawPoint) for OLED_DrawPoint
    oled.o(i.OLED_ShowString) refers to oled.o(i.OLED_ShowChar) for OLED_ShowChar
    oled.o(i.OLED_WR_Byte) refers to gpio.o(i.Gpio_SetIO) for Gpio_SetIO
    oled.o(i.OLED_WR_Byte) refers to gpio.o(i.Gpio_ClrIO) for Gpio_ClrIO
    rtc_calendar.o(i.Display_Time) refers to rtc.o(i.Rtc_ReadDateTime) for Rtc_ReadDateTime
    rtc_calendar.o(i.Display_Time) refers to oled.o(i.OLED_ShowString) for OLED_ShowString
    rtc_calendar.o(i.Display_Time) refers to oled.o(i.OLED_ShowChinese) for OLED_ShowChinese
    rtc_calendar.o(i.Display_Time) refers to rtc_calendar.o(i.Safe_BCD_To_Dec) for Safe_BCD_To_Dec
    rtc_calendar.o(i.Display_Time) refers to oled.o(i.OLED_ShowNum) for OLED_ShowNum
    rtc_calendar.o(i.Display_Time) refers to rtc_calendar.o(.data) for g_stcCurrentTime
    rtc_calendar.o(i.RTC_Init_Config) refers to ddl.o(i.ddl_memclr) for ddl_memclr
    rtc_calendar.o(i.RTC_Init_Config) refers to sysctrl.o(i.Sysctrl_SetPeripheralGate) for Sysctrl_SetPeripheralGate
    rtc_calendar.o(i.RTC_Init_Config) refers to sysctrl.o(i.Sysctrl_ClkSourceEnable) for Sysctrl_ClkSourceEnable
    rtc_calendar.o(i.RTC_Init_Config) refers to rtc.o(i.Rtc_Init) for Rtc_Init
    rtc_calendar.o(i.RTC_Init_Config) refers to rtc.o(i.Rtc_EnableFunc) for Rtc_EnableFunc
    dht11.o(i.DHT11_Check) refers to dht11.o(i.DHT11_IO_IN) for DHT11_IO_IN
    dht11.o(i.DHT11_Check) refers to ddl.o(i.delay10us) for delay10us
    dht11.o(i.DHT11_Check) refers to gpio.o(i.Gpio_GetInputIO) for Gpio_GetInputIO
    dht11.o(i.DHT11_IO_IN) refers to ddl.o(i.ddl_memclr) for ddl_memclr
    dht11.o(i.DHT11_IO_IN) refers to gpio.o(i.Gpio_Init) for Gpio_Init
    dht11.o(i.DHT11_IO_OUT) refers to ddl.o(i.ddl_memclr) for ddl_memclr
    dht11.o(i.DHT11_IO_OUT) refers to gpio.o(i.Gpio_Init) for Gpio_Init
[...]
    __rt_entry_sh                            0x00000129   Thumb Code     0  __rtentry4.o(.ARM.Collect$$rtentry$$00000004)
    __rt_entry_li                            0x0000012f   Thumb Code     0  __rtentry2.o(.ARM.Collect$$rtentry$$0000000A)
    __rt_entry_postsh_1                      0x0000012f   Thumb Code     0  __rtentry2.o(.ARM.Collect$$rtentry$$00000009)
    __rt_entry_main                          0x00000133   Thumb Code     0  __rtentry2.o(.ARM.Collect$$rtentry$$0000000D)
    __rt_entry_postli_1                      0x00000133   Thumb Code     0  __rtentry2.o(.ARM.Collect$$rtentry$$0000000C)
    __rt_exit                                0x0000013b   Thumb Code     0  rtexit.o(.ARM.Collect$$rtexit$$00000000)
    __rt_exit_ls                             0x0000013d   Thumb Code     0  rtexit2.o(.ARM.Collect$$rtexit$$00000003)
    __rt_exit_prels_1                        0x0000013d   Thumb Code     0  rtexit2.o(.ARM.Collect$$rtexit$$00000002)
    __rt_exit_exit                           0x00000141   Thumb Code     0  rtexit2.o(.ARM.Collect$$rtexit$$00000004)
    __aeabi_memcpy4                          0x00000149   Thumb Code    56  rt_memcpy.o(.emb_text)
    __aeabi_memcpy8                          0x00000149   Thumb Code     0  rt_memcpy.o(.emb_text)
    rt_hw_interrupt_disable                  0x00000181   Thumb Code     8  context_rvds.o(.text)
    rt_hw_interrupt_enable                   0x00000189   Thumb Code     6  context_rvds.o(.text)
    rt_hw_context_switch                     0x0000018f   Thumb Code    28  context_rvds.o(.text)
    rt_hw_context_switch_interrupt           0x0000018f   Thumb Code     0  context_rvds.o(.text)
    PendSV_Handler                           0x000001ab   Thumb Code    84  context_rvds.o(.text)
    rt_hw_context_switch_to                  0x000001ff   Thumb Code    44  context_rvds.o(.text)
    rt_hw_interrupt_thread_switch            0x0000022b   Thumb Code     2  context_rvds.o(.text)
    HardFault_Handler                        0x0000022d   Thumb Code    12  context_rvds.o(.text)
    Reset_Handler                            0x00000259   Thumb Code    26  startup_hc32l136.o(.text)
    NMI_Handler                              0x00000273   Thumb Code     2  startup_hc32l136.o(.text)
    SVC_Handler                              0x00000277   Thumb Code     2  startup_hc32l136.o(.text)
    __user_initial_stackheap                 0x00000281   Thumb Code     0  startup_hc32l136.o(.text)
    __semihosting$guard                      0x000002b1   Thumb Code     0  use_no_semi.o(.text)
    __use_no_semihosting_swi                 0x000002b1   Thumb Code     2  use_no_semi.o(.text)
    __use_no_semihosting                     0x000002b3   Thumb Code     2  use_no_semi_2.o(.text)
    memcmp                                   0x000002b5   Thumb Code    90  memcmp.o(.text)
    strcpy                                   0x00000311   Thumb Code    70  strcpy.o(.text)
    strlen                                   0x0000035d   Thumb Code    62  strlen.o(.text)
    strncmp                                  0x000003a1   Thumb Code   154  strncmp.o(.text)
    strcat                                   0x00000441   Thumb Code    24  strcat.o(.text)
    strncpy                                  0x00000459   Thumb Code   104  strncpy.o(.text)
    __aeabi_uidiv                            0x000004c5   Thumb Code     0  aeabi_sdiv.o(.text)
    __aeabi_uidivmod                         0x000004c5   Thumb Code    20  aeabi_sdiv.o(.text)
    __aeabi_idiv                             0x000004d9   Thumb Code     0  aeabi_sdiv.o(.text)
    __aeabi_idivmod                          0x000004d9   Thumb Code   326  aeabi_sdiv.o(.text)
    __use_two_region_memory                  0x0000061f   Thumb Code     2  heapauxi.o(.text)
    __rt_heap_escrow$2region                 0x00000621   Thumb Code     2  heapauxi.o(.text)
    __rt_heap_expand$2region                 0x00000623   Thumb Code     2  heapauxi.o(.text)
    _memset_w                                0x00000625   Thumb Code    26  rt_memclr.o(.text)
    _memset                                  0x0000063f   Thumb Code    30  rt_memclr.o(.text)
    __aeabi_memclr                           0x0000065d   Thumb Code     4  rt_memclr.o(.text)
    __rt_memclr                              0x0000065d   Thumb Code     0  rt_memclr.o(.text)
    __aeabi_memclr4                          0x00000661   Thumb Code     0  rt_memclr.o(.text)
    __aeabi_memclr8                          0x00000661   Thumb Code     0  rt_memclr.o(.text)
    __rt_memclr_w                            0x00000661   Thumb Code     4  rt_memclr.o(.text)
    __user_setup_stackheap                   0x00000665   Thumb Code    62  sys_stackheap_outer.o(.text)
    exit                                     0x000006a3   Thumb Code    16  exit.o(.text)
    __user_libspace                          0x000006b5   Thumb Code     8  libspace.o(.text)
    __user_perproc_libspace                  0x000006b5   Thumb Code     0  libspace.o(.text)
    __user_perthread_libspace                0x000006b5   Thumb Code     0  libspace.o(.text)
    __decompress                             0x000006bd   Thumb Code     0  __dczerorl2.o(.text)
    __decompress1                            0x000006bd   Thumb Code    86  __dczerorl2.o(.text)
    main                                     0x00000713   Thumb Code    10  components.o(i.$Sub$$main)
    Change_DateTimeFormat                    0x0000071d   Thumb Code    28  rtc.o(i.Change_DateTimeFormat)
    Check_BCD_Format                         0x00000739   Thumb Code    34  rtc.o(i.Check_BCD_Format)
    DHT11_Check                              0x0000075b   Thumb Code    86  dht11.o(i.DHT11_Check)
    DHT11_IO_IN                              0x000007b1   Thumb Code    32  dht11.o(i.DHT11_IO_IN)
    DHT11_IO_OUT                             0x000007d1   Thumb Code    34  dht11.o(i.DHT11_IO_OUT)
    DHT11_Init                               0x000007f3   Thumb Code    12  dht11.o(i.DHT11_Init)
    DHT11_Read_Bit                           0x000007ff   Thumb Code    88  dht11.o(i.DHT11_Read_Bit)
    DHT11_Read_Byte                          0x00000857   Thumb Code    30  dht11.o(i.DHT11_Read_Byte)
    DHT11_Read_Data                          0x00000875   Thumb Code    86  dht11.o(i.DHT11_Read_Data)
    DHT11_Rst                                0x000008cb   Thumb Code    40  dht11.o(i.DHT11_Rst)
    Display_DHT11                            0x000008f5   Thumb Code   152  dht11.o(i.Display_DHT11)
    Display_Time                             0x0000099d   Thumb Code   334  rtc_calendar.o(i.Display_Time)
    EnableNvic                               0x00000b05   Thumb Code   128  interrupts_hc32l136.o(i.EnableNvic)
    Get_Month_Max_Day                        0x00000b8d   Thumb Code    40  rtc.o(i.Get_Month_Max_Day)
    Gpio_ClearIrq                            0x00000bb9   Thumb Code    24  gpio.o(i.Gpio_ClearIrq)
    Gpio_ClrIO                               0x00000bd5   Thumb Code    24  gpio.o(i.Gpio_ClrIO)
    Gpio_DisableIrq                          0x00000bf1   Thumb Code    24  gpio.o(i.Gpio_DisableIrq)
    Gpio_EnableIrq                           0x00000c09   Thumb Code    24  gpio.o(i.Gpio_EnableIrq)
    Gpio_GetInputIO                          0x00000c21   Thumb Code    16  gpio.o(i.Gpio_GetInputIO)
    Gpio_GetIrqStatus                        0x00000c35   Thumb Code    16  gpio.o(i.Gpio_GetIrqStatus)
    Gpio_IRQHandler                          0x00000c49   Thumb Code    58  drv_gpio.o(i.Gpio_IRQHandler)
    Gpio_Init                                0x00000c85   Thumb Code   300  gpio.o(i.Gpio_Init)
    Gpio_SetAfMode                           0x00000dbd   Thumb Code    16  gpio.o(i.Gpio_SetAfMode)
    Gpio_SetIO                               0x00000dd1   Thumb Code    24  gpio.o(i.Gpio_SetIO)
    Gpio_WriteOutputIO                       0x00000ded   Thumb Code    50  gpio.o(i.Gpio_WriteOutputIO)
    IRQ000_Handler                           0x00000e25   Thumb Code    10  interrupts_hc32l136.o(i.IRQ000_Handler)
    IRQ001_Handler                           0x00000e2f   Thumb Code    10  interrupts_hc32l136.o(i.IRQ001_Handler)
    IRQ002_Handler                           0x00000e39   Thumb Code    10  interrupts_hc32l136.o(i.IRQ002_Handler)
    IRQ003_Handler                           0x00000e43   Thumb Code    10  interrupts_hc32l136.o(i.IRQ003_Handler)
    IRQ004_Handler                           0x00000e4d   Thumb Code    10  interrupts_hc32l136.o(i.IRQ004_Handler)
    IRQ005_Handler                           0x00000e57   Thumb Code    10  interrupts_hc32l136.o(i.IRQ005_Handler)
    IRQ006_Handler                           0x00000e61   Thumb Code    10  interrupts_hc32l136.o(i.IRQ006_Handler)
    IRQ007_Handler                           0x00000e6b   Thumb Code    10  interrupts_hc32l136.o(i.IRQ007_Handler)
    IRQ008_Handler                           0x00000e75   Thumb Code    10  interrupts_hc32l136.o(i.IRQ008_Handler)
    IRQ009_Handler                           0x00000e7f   Thumb Code    10  interrupts_hc32l136.o(i.IRQ009_Handler)
    IRQ010_Handler                           0x00000e89   Thumb Code    10  interrupts_hc32l136.o(i.IRQ010_Handler)
    IRQ011_Handler                           0x00000e93   Thumb Code    10  interrupts_hc32l136.o(i.IRQ011_Handler)
    IRQ012_Handler                           0x00000e9d   Thumb Code    10  interrupts_hc32l136.o(i.IRQ012_Handler)
    IRQ013_Handler                           0x00000ea7   Thumb Code    10  interrupts_hc32l136.o(i.IRQ013_Handler)
    IRQ014_Handler                           0x00000eb1   Thumb Code    10  interrupts_hc32l136.o(i.IRQ014_Handler)
    IRQ015_Handler                           0x00000ebb   Thumb Code    10  interrupts_hc32l136.o(i.IRQ015_Handler)
    IRQ016_Handler                           0x00000ec5   Thumb Code    10  interrupts_hc32l136.o(i.IRQ016_Handler)
    IRQ017_Handler                           0x00000ecf   Thumb Code    10  interrupts_hc32l136.o(i.IRQ017_Handler)
    IRQ018_Handler                           0x00000ed9   Thumb Code    10  interrupts_hc32l136.o(i.IRQ018_Handler)
    IRQ019_Handler                           0x00000ee3   Thumb Code    10  interrupts_hc32l136.o(i.IRQ019_Handler)
    IRQ020_Handler                           0x00000eed   Thumb Code    10  interrupts_hc32l136.o(i.IRQ020_Handler)
    IRQ021_Handler                           0x00000ef7   Thumb Code    10  interrupts_hc32l136.o(i.IRQ021_Handler)
    IRQ022_Handler                           0x00000f01   Thumb Code    10  interrupts_hc32l136.o(i.IRQ022_Handler)
    IRQ023_Handler                           0x00000f0b   Thumb Code    10  interrupts_hc32l136.o(i.IRQ023_Handler)
    IRQ024_Handler                           0x00000f15   Thumb Code    10  interrupts_hc32l136.o(i.IRQ024_Handler)
    IRQ025_Handler                           0x00000f1f   Thumb Code    10  interrupts_hc32l136.o(i.IRQ025_Handler)
    IRQ026_Handler                           0x00000f29   Thumb Code    10  interrupts_hc32l136.o(i.IRQ026_Handler)
    IRQ027_Handler                           0x00000f33   Thumb Code    10  interrupts_hc32l136.o(i.IRQ027_Handler)
    IRQ028_Handler                           0x00000f3d   Thumb Code    10  interrupts_hc32l136.o(i.IRQ028_Handler)
    IRQ029_Handler                           0x00000f47   Thumb Code    10  interrupts_hc32l136.o(i.IRQ029_Handler)
    IRQ030_Handler                           0x00000f51   Thumb Code    10  interrupts_hc32l136.o(i.IRQ030_Handler)
    IRQ031_Handler                           0x00000f5b   Thumb Code    10  interrupts_hc32l136.o(i.IRQ031_Handler)
    OLED_Clear                               0x00000f65   Thumb Code    42  oled.o(i.OLED_Clear)
    OLED_ColorTurn                           0x00000f95   Thumb Code    30  oled.o(i.OLED_ColorTurn)
    OLED_DisplayTurn                         0x00000fb3   Thumb Code    46  oled.o(i.OLED_DisplayTurn)
    OLED_DrawPoint                           0x00000fe1   Thumb Code   116  oled.o(i.OLED_DrawPoint)
    OLED_Init                                0x00001059   Thumb Code   354  oled.o(i.OLED_Init)
    OLED_Pow                                 0x000011bb   Thumb Code    26  oled.o(i.OLED_Pow)
    OLED_Refresh                             0x000011d5   Thumb Code    70  oled.o(i.OLED_Refresh)
    OLED_ShowChar                            0x00001221   Thumb Code   278  oled.o(i.OLED_ShowChar)
    OLED_ShowChinese                         0x00001349   Thumb Code   248  oled.o(i.OLED_ShowChinese)
    OLED_ShowNum                             0x00001451   Thumb Code   152  oled.o(i.OLED_ShowNum)
    OLED_ShowString                          0x000014e9   Thumb Code    68  oled.o(i.OLED_ShowString)
    OLED_WR_Byte                             0x0000152d   Thumb Code   112  oled.o(i.OLED_WR_Byte)
    RTC_Init_Config                          0x0000159d   Thumb Code   116  rtc_calendar.o(i.RTC_Init_Config)
    Rtc_CheckDateTimeFormat                  0x00001619   Thumb Code   344  rtc.o(i.Rtc_CheckDateTimeFormat)
    Rtc_EnableFunc                           0x00001775   Thumb Code    96  rtc.o(i.Rtc_EnableFunc)
    Rtc_Init                                 0x000017d9   Thumb Code   138  rtc.o(i.Rtc_Init)
    Rtc_ReadDateTime                         0x00001865   Thumb Code   198  rtc.o(i.Rtc_ReadDateTime)
    Rtc_SelClk                               0x00001931   Thumb Code    34  rtc.o(i.Rtc_SelClk)
    Rtc_SetAmPm                              0x00001959   Thumb Code    52  rtc.o(i.Rtc_SetAmPm)
    Rtc_SetCyc                               0x00001991   Thumb Code    86  rtc.o(i.Rtc_SetCyc)
    Rtc_WriteDateTime                        0x000019ed   Thumb Code   196  rtc.o(i.Rtc_WriteDateTime)
    Safe_BCD_To_Dec                          0x00001ab5   Thumb Code    36  rtc_calendar.o(i.Safe_BCD_To_Dec)
    SysTick_Configuration                    0x00001ad9   Thumb Code    58  board.o(i.SysTick_Configuration)
    SysTick_Handler                          0x00001b21   Thumb Code    16  board.o(i.SysTick_Handler)
    Sysctrl_ClkSourceEnable                  0x00001b31   Thumb Code   312  sysctrl.o(i.Sysctrl_ClkSourceEnable)
    Sysctrl_GetHClkFreq                      0x00001c71   Thumb Code   354  sysctrl.o(i.Sysctrl_GetHClkFreq)
    Sysctrl_GetPClkFreq                      0x00001de5   Thumb Code    28  sysctrl.o(i.Sysctrl_GetPClkFreq)
    Sysctrl_SetPeripheralGate                0x00001e05   Thumb Code    54  sysctrl.o(i.Sysctrl_SetPeripheralGate)
    Sysctrl_SetRCHTrim                       0x00001e41   Thumb Code   148  sysctrl.o(i.Sysctrl_SetRCHTrim)
    SystemCoreClockUpdate                    0x00001edd   Thumb Code    12  system_hc32l13x.o(i.SystemCoreClockUpdate)
    SystemInit                               0x00001eed   Thumb Code     8  system_hc32l13x.o(i.SystemInit)
    Uart_CalScnt                             0x00001fad   Thumb Code   104  uart.o(i.Uart_CalScnt)
    Uart_ClrStatus                           0x00002015   Thumb Code   116  uart.o(i.Uart_ClrStatus)
    Uart_DisableIrq                          0x00002089   Thumb Code   142  uart.o(i.Uart_DisableIrq)
    Uart_EnableFunc                          0x00002117   Thumb Code   136  uart.o(i.Uart_EnableFunc)
    Uart_EnableIrq                           0x0000219f   Thumb Code   154  uart.o(i.Uart_EnableIrq)
    Uart_GetStatus                           0x00002239   Thumb Code   176  uart.o(i.Uart_GetStatus)
    Uart_IRQHandler                          0x000022e9   Thumb Code   178  uart.o(i.Uart_IRQHandler)
    Uart_Init                                0x0000239b   Thumb Code   132  uart.o(i.Uart_Init)
    Uart_ReceiveData                         0x0000241f   Thumb Code    30  uart.o(i.Uart_ReceiveData)
    Uart_SendData                            0x0000243d   Thumb Code    58  uart.o(i.Uart_SendData)
    Uart_SetBaud                             0x00002477   Thumb Code    24  uart.o(i.Uart_SetBaud)
    Uart_SetClkDiv                           0x0000248f   Thumb Code    44  uart.o(i.Uart_SetClkDiv)
    Uart_SetMMDOrCk                          0x000024bb   Thumb Code    48  uart.o(i.Uart_SetMMDOrCk)
    Uart_SetMode                             0x000024eb   Thumb Code    48  uart.o(i.Uart_SetMode)
    Uart_SetMultiMode                        0x0000251b   Thumb Code    72  uart.o(i.Uart_SetMultiMode)
    Uart_SetStopBit                          0x00002563   Thumb Code    70  uart.o(i.Uart_SetStopBit)
    __ARM_common_switch8                     0x00002695   Thumb Code    28  drv_gpio.o(i.__ARM_common_switch8)
    __rt_ffs                                 0x00002831   Thumb Code    86  kservice.o(i.__rt_ffs)
    _sys_exit                                0x00003175   Thumb Code     2  ddl.o(i._sys_exit)
    cmd_free                                 0x00003431   Thumb Code    52  msh.o(i.cmd_free)
    cmd_ps                                   0x00003495   Thumb Code    14  msh.o(i.cmd_ps)
    ddl_memclr                               0x000034a3   Thumb Code    32  ddl.o(i.ddl_memclr)
    delay10us                                0x000034c5   Thumb Code    74  ddl.o(i.delay10us)
    delay1ms                                 0x00003521   Thumb Code    76  ddl.o(i.delay1ms)
    finsh_get_prompt                         0x00003579   Thumb Code    70  shell.o(i.finsh_get_prompt)
    finsh_getchar                            0x000035d9   Thumb Code   116  shell.o(i.finsh_getchar)
    finsh_set_device                         0x000036a9   Thumb Code   194  shell.o(i.finsh_set_device)
    finsh_set_prompt_mode                    0x000037ad   Thumb Code    52  shell.o(i.finsh_set_prompt_mode)
    finsh_system_function_init               0x000037fd   Thumb Code    10  shell.o(i.finsh_system_function_init)
    finsh_system_init                        0x00003811   Thumb Code   106  shell.o(i.finsh_system_init)
    finsh_thread_entry                       0x000038b5   Thumb Code  1512  shell.o(i.finsh_thread_entry)
    hc32_hw_uart_init                        0x000041b9   Thumb Code   158  drv_usart.o(i.hc32_hw_uart_init)
    list_device                              0x00004465   Thumb Code   168  cmd.o(i.list_device)
    list_event                               0x00004579   Thumb Code   202  cmd.o(i.list_event)
    list_mailbox                             0x0000477d   Thumb Code   222  cmd.o(i.list_mailbox)
    list_mempool                             0x000048d9   Thumb Code   230  cmd.o(i.list_mempool)
    list_msgqueue                            0x00004a4d   Thumb Code   214  cmd.o(i.list_msgqueue)
    list_mutex                               0x00004b91   Thumb Code   166  cmd.o(i.list_mutex)
    list_sem                                 0x00004c9d   Thumb Code   214  cmd.o(i.list_sem)
    list_thread                              0x00004dd5   Thumb Code   302  cmd.o(i.list_thread)
    list_timer                               0x00004fc1   Thumb Code   212  cmd.o(i.list_timer)
    $Super$$main                             0x00005169   Thumb Code    92  main.o(i.main)
    main_thread_entry                        0x000051dd   Thumb Code    14  components.o(i.main_thread_entry)
    msh_auto_complete                        0x000051ed   Thumb Code   126  msh.o(i.msh_auto_complete)
    msh_exec                                 0x00005279   Thumb Code    90  msh.o(i.msh_exec)
    msh_help                                 0x0000532d   Thumb Code    48  msh.o(i.msh_help)
    rt_application_init                      0x0000575d   Thumb Code    48  components.o(i.rt_application_init)
    rt_assert_handler                        0x000057ad   Thumb Code    58  kservice.o(i.rt_assert_handler)
    rt_calloc                                0x00005825   Thumb Code    40  kservice.o(i.rt_calloc)
    rt_completion_done                       0x0000584d   Thumb Code    80  completion.o(i.rt_completion_done)
    rt_completion_init                       0x000058b9   Thumb Code    44  completion.o(i.rt_completion_init)
    rt_completion_wait                       0x00005901   Thumb Code   296  completion.o(i.rt_completion_wait)
    rt_components_board_init                 0x00005b05   Thumb Code    20  components.o(i.rt_components_board_init)
    rt_components_init                       0x00005b21   Thumb Code    20  components.o(i.rt_components_init)
    rt_console_get_device                    0x00005b3d   Thumb Code     6  kservice.o(i.rt_console_get_device)
    rt_console_set_device                    0x00005b49   Thumb Code    60  kservice.o(i.rt_console_set_device)
    rt_critical_level                        0x00005b89   Thumb Code     8  scheduler.o(i.rt_critical_level)
    rt_device_close                          0x00005bd5   Thumb Code   102  device.o(i.rt_device_close)
    rt_device_find                           0x00005c8d   Thumb Code    14  device.o(i.rt_device_find)
    rt_device_open                           0x00005c9d   Thumb Code   178  device.o(i.rt_device_open)
    rt_device_pin_register                   0x00005db9   Thumb Code    56  pin.o(i.rt_device_pin_register)
    rt_device_read                           0x00005e01   Thumb Code    98  device.o(i.rt_device_read)
    rt_device_register                       0x00005eb5   Thumb Code    54  device.o(i.rt_device_register)
    rt_device_set_rx_indicate                0x00005eed   Thumb Code    50  device.o(i.rt_device_set_rx_indicate)
    rt_device_write                          0x00005f71   Thumb Code    98  device.o(i.rt_device_write)
    rt_enter_critical                        0x00006025   Thumb Code    28  scheduler.o(i.rt_enter_critical)
    rt_exit_critical                         0x00006045   Thumb Code    64  scheduler.o(i.rt_exit_critical)
    rt_free                                  0x0000608d   Thumb Code    44  kservice.o(i.rt_free)
    rt_hw_board_clock_init                   0x000060bd   Thumb Code    18  board.o(i.rt_hw_board_clock_init)
    rt_hw_board_init                         0x000060d1   Thumb Code    30  board.o(i.rt_hw_board_init)
    rt_hw_console_output                     0x00006101   Thumb Code     2  kservice.o(i.rt_hw_console_output)
    rt_hw_hard_fault_exception               0x00006105   Thumb Code    84  cpuport.o(i.rt_hw_hard_fault_exception)
    rt_hw_pin_init                           0x000061f9   Thumb Code    22  drv_gpio.o(i.rt_hw_pin_init)
    rt_hw_serial_isr                         0x00006219   Thumb Code   224  serial.o(i.rt_hw_serial_isr)
    rt_hw_serial_register                    0x00006311   Thumb Code    80  serial.o(i.rt_hw_serial_register)
    rt_hw_stack_init                         0x00006395   Thumb Code    58  cpuport.o(i.rt_hw_stack_init)
    rt_interrupt_enter                       0x000063d5   Thumb Code    48  irq.o(i.rt_interrupt_enter)
    rt_interrupt_get_nest                    0x0000640d   Thumb Code    22  irq.o(i.rt_interrupt_get_nest)
    rt_interrupt_leave                       0x00006429   Thumb Code    48  irq.o(i.rt_interrupt_leave)
    rt_kprintf                               0x00006461   Thumb Code    72  kservice.o(i.rt_kprintf)
    rt_malloc                                0x00006571   Thumb Code    54  kservice.o(i.rt_malloc)
    rt_memcpy                                0x000065b1   Thumb Code    94  kservice.o(i.rt_memcpy)
    rt_memmove                               0x0000660f   Thumb Code    66  kservice.o(i.rt_memmove)
    rt_memory_info                           0x00006651   Thumb Code    66  kservice.o(i.rt_memory_info)
    rt_memset                                0x00006699   Thumb Code    76  kservice.o(i.rt_memset)
    rt_mutex_init                            0x000066e5   Thumb Code    62  ipc.o(i.rt_mutex_init)
    rt_mutex_release                         0x00006741   Thumb Code   348  ipc.o(i.rt_mutex_release)
    rt_mutex_take                            0x00006929   Thumb Code   444  ipc.o(i.rt_mutex_take)
    rt_object_allocate                       0x00006b9d   Thumb Code   160  object.o(i.rt_object_allocate)
    rt_object_delete                         0x00006c89   Thumb Code    94  object.o(i.rt_object_delete)
    rt_object_detach                         0x00006d31   Thumb Code    66  object.o(i.rt_object_detach)
    rt_object_find                           0x00006d91   Thumb Code   128  object.o(i.rt_object_find)
    rt_object_get_information                0x00006e45   Thumb Code    32  object.o(i.rt_object_get_information)
    rt_object_get_type                       0x00006e69   Thumb Code    26  object.o(i.rt_object_get_type)
    rt_object_init                           0x00006ea1   Thumb Code   146  object.o(i.rt_object_init)
    rt_object_is_systemobject                0x00006f65   Thumb Code    38  object.o(i.rt_object_is_systemobject)
    rt_schedule                              0x00006fa5   Thumb Code   328  scheduler.o(i.rt_schedule)
    rt_schedule_insert_thread                0x00007109   Thumb Code   120  scheduler.o(i.rt_schedule_insert_thread)
    rt_schedule_remove_thread                0x000071a9   Thumb Code    96  scheduler.o(i.rt_schedule_remove_thread)
    rt_sem_init                              0x0000722d   Thumb Code    90  ipc.o(i.rt_sem_init)
    rt_sem_release                           0x000072ed   Thumb Code   142  ipc.o(i.rt_sem_release)
    rt_sem_take                              0x000073a1   Thumb Code   340  ipc.o(i.rt_sem_take)
    rt_set_errno                             0x00007a29   Thumb Code    40  kservice.o(i.rt_set_errno)
    rt_show_version                          0x00007a55   Thumb Code    42  kservice.o(i.rt_show_version)
    rt_smem_alloc                            0x00007b19   Thumb Code   462  mem.o(i.rt_smem_alloc)
    rt_smem_free                             0x00007d9d   Thumb Code   214  mem.o(i.rt_smem_free)
    rt_smem_init                             0x00007f4d   Thumb Code   186  mem.o(i.rt_smem_init)
    rt_soft_timer_check                      0x0000804d   Thumb Code   236  timer.o(i.rt_soft_timer_check)
    rt_sprintf                               0x0000814d   Thumb Code    36  kservice.o(i.rt_sprintf)
    rt_strncmp                               0x00008171   Thumb Code    42  kservice.o(i.rt_strncmp)
    rt_strncpy                               0x0000819b   Thumb Code    56  kservice.o(i.rt_strncpy)
    rt_system_heap_init                      0x000081d5   Thumb Code    60  kservice.o(i.rt_system_heap_init)
    rt_system_scheduler_init                 0x00008249   Thumb Code    42  scheduler.o(i.rt_system_scheduler_init)
    rt_system_scheduler_start                0x00008281   Thumb Code    36  scheduler.o(i.rt_system_scheduler_start)
    rt_system_timer_init                     0x000082a9   Thumb Code    24  timer.o(i.rt_system_timer_init)
    rt_system_timer_thread_init              0x000082c5   Thumb Code    58  timer.o(i.rt_system_timer_thread_init)
    rt_thread_control                        0x00008319   Thumb Code   176  thread.o(i.rt_thread_control)
    rt_thread_create                         0x000083e9   Thumb Code    80  thread.o(i.rt_thread_create)
    rt_thread_defunct_dequeue                0x00008439   Thumb Code    56  idle.o(i.rt_thread_defunct_dequeue)
    rt_thread_defunct_enqueue                0x00008475   Thumb Code    24  idle.o(i.rt_thread_defunct_enqueue)
    rt_thread_delay                          0x00008491   Thumb Code    12  thread.o(i.rt_thread_delay)
    rt_thread_delete                         0x0000849d   Thumb Code   134  thread.o(i.rt_thread_delete)
    rt_thread_detach                         0x0000857d   Thumb Code   134  thread.o(i.rt_thread_detach)
    rt_thread_idle_init                      0x00008675   Thumb Code    74  idle.o(i.rt_thread_idle_init)
    rt_thread_init                           0x000086d5   Thumb Code    82  thread.o(i.rt_thread_init)
    rt_thread_resume                         0x00008759   Thumb Code   124  thread.o(i.rt_thread_resume)
    rt_thread_self                           0x000087f9   Thumb Code     6  thread.o(i.rt_thread_self)
    rt_thread_sleep                          0x00008805   Thumb Code   104  thread.o(i.rt_thread_sleep)
    rt_thread_startup                        0x0000888d   Thumb Code   108  thread.o(i.rt_thread_startup)
    rt_thread_suspend                        0x0000894d   Thumb Code   156  thread.o(i.rt_thread_suspend)
    rt_tick_get                              0x00008a29   Thumb Code     6  clock.o(i.rt_tick_get)
    rt_tick_increase                         0x00008a35   Thumb Code    94  clock.o(i.rt_tick_increase)
    rt_timer_check                           0x00008a9d   Thumb Code   218  timer.o(i.rt_timer_check)
    rt_timer_control                         0x00008b89   Thumb Code   158  timer.o(i.rt_timer_control)
    rt_timer_detach                          0x00008cad   Thumb Code   100  timer.o(i.rt_timer_detach)
    rt_timer_init                            0x00008d91   Thumb Code    92  timer.o(i.rt_timer_init)
    rt_timer_start                           0x00008e35   Thumb Code   366  timer.o(i.rt_timer_start)
    rt_timer_stop                            0x00009015   Thumb Code   104  timer.o(i.rt_timer_stop)
    rt_vsnprintf                             0x000090d9   Thumb Code   882  kservice.o(i.rt_vsnprintf)
    rt_vsprintf                              0x00009455   Thumb Code    22  kservice.o(i.rt_vsprintf)
    rtthread_startup                         0x0000947b   Thumb Code    42  components.o(i.rtthread_startup)
    uart1_gpioinit                           0x00009669   Thumb Code    64  drv_usart.o(i.uart1_gpioinit)
    version                                  0x000096a9   Thumb Code    10  cmd.o(i.version)
    asc2_0806                                0x000096b2   Data         552  oled.o(.constdata)
    asc2_1206                                0x000098da   Data        1140  oled.o(.constdata)
    asc2_1608                                0x00009d4e   Data        1520  oled.o(.constdata)
    asc2_2412                                0x0000a33e   Data        3420  oled.o(.constdata)
    Hzk1                                     0x0000b09a   Data         192  oled.o(.constdata)
    Hzk2                                     0x0000b15a   Data          72  oled.o(.constdata)
    Hzk3                                     0x0000b1a2   Data         128  oled.o(.constdata)
    Hzk4                                     0x0000b222   Data         512  oled.o(.constdata)
    Leap_Month_Base                          0x0000b7e4   Data          12  rtc.o(.constdata)
    NonLeap_Month_Base                       0x0000b7f0   Data          12  rtc.o(.constdata)
    Cnst_Month_Tbl                           0x0000b7fc   Data          12  rtc.o(.constdata)
    __lowest_bit_bitmap                      0x0000b856   Data         256  kservice.o(.constdata)
    __fsym_help_name                         0x0000c2fa   Data           5  msh.o(.rodata.name)
    __fsym_help_desc                         0x0000c2ff   Data          22  msh.o(.rodata.name)
    __fsym_ps_name                           0x0000c315   Data           3  msh.o(.rodata.name)
    __fsym_ps_desc                           0x0000c318   Data          28  msh.o(.rodata.name)
    __fsym_free_name                         0x0000c334   Data           5  msh.o(.rodata.name)
    __fsym_free_desc                         0x0000c339   Data          37  msh.o(.rodata.name)
    __fsym_clear_name                        0x0000c35e   Data           6  cmd.o(.rodata.name)
    __fsym_clear_desc                        0x0000c364   Data          26  cmd.o(.rodata.name)
    __fsym_version_name                      0x0000c37e   Data           8  cmd.o(.rodata.name)
    __fsym_version_desc                      0x0000c386   Data          35  cmd.o(.rodata.name)
    __fsym_list_thread_name                  0x0000c3a9   Data          12  cmd.o(.rodata.name)
    __fsym_list_thread_desc                  0x0000c3b5   Data          12  cmd.o(.rodata.name)
    __fsym_list_sem_name                     0x0000c3c1   Data           9  cmd.o(.rodata.name)
    __fsym_list_sem_desc                     0x0000c3ca   Data          25  cmd.o(.rodata.name)
    __fsym_list_event_name                   0x0000c3e3   Data          11  cmd.o(.rodata.name)
    __fsym_list_event_desc                   0x0000c3ee   Data          21  cmd.o(.rodata.name)
    __fsym_list_mutex_name                   0x0000c403   Data          11  cmd.o(.rodata.name)
    __fsym_list_mutex_desc                   0x0000c40e   Data          21  cmd.o(.rodata.name)
    __fsym_list_mailbox_name                 0x0000c423   Data          13  cmd.o(.rodata.name)
    __fsym_list_mailbox_desc                 0x0000c430   Data          24  cmd.o(.rodata.name)
    __fsym_list_msgqueue_name                0x0000c448   Data          14  cmd.o(.rodata.name)
    __fsym_list_msgqueue_desc                0x0000c456   Data          29  cmd.o(.rodata.name)
    __fsym_list_mempool_name                 0x0000c473   Data          13  cmd.o(.rodata.name)
    __fsym_list_mempool_desc                 0x0000c480   Data          27  cmd.o(.rodata.name)
    __fsym_list_timer_name                   0x0000c49b   Data          11  cmd.o(.rodata.name)
    __fsym_list_timer_desc                   0x0000c4a6   Data          21  cmd.o(.rodata.name)
    __fsym_list_device_name                  0x0000c4bb   Data          12  cmd.o(.rodata.name)
    __fsym_list_device_desc                  0x0000c4c7   Data          22  cmd.o(.rodata.name)
    __rt_init_rti_start                      0x0000c4e0   Data           4  components.o(.rti_fn.0)
    __rt_init_rti_board_start                0x0000c4e4   Data           4  components.o(.rti_fn.0.end)
    __rt_init_rt_hw_pin_init                 0x0000c4e8   Data           4  drv_gpio.o(.rti_fn.1)
    __rt_init_hc32_hw_uart_init              0x0000c4ec   Data           4  drv_usart.o(.rti_fn.1)
    __rt_init_rti_board_end                  0x0000c4f0   Data           4  components.o(.rti_fn.1.end)
    __rt_init_finsh_system_init              0x0000c4f4   Data           4  shell.o(.rti_fn.6)
    __rt_init_rti_end                        0x0000c4f8   Data           4  components.o(.rti_fn.6.end)
    FSymTab$$Base                            0x0000c4fc   Number         0  msh.o(FSymTab)
    __fsym_help                              0x0000c4fc   Data          12  msh.o(FSymTab)
    __fsym_ps                                0x0000c508   Data          12  msh.o(FSymTab)
    __fsym_free                              0x0000c514   Data          12  msh.o(FSymTab)
    __fsym_clear                             0x0000c520   Data          12  cmd.o(FSymTab)
    __fsym_version                           0x0000c52c   Data          12  cmd.o(FSymTab)
    __fsym_list_thread                       0x0000c538   Data          12  cmd.o(FSymTab)
    __fsym_list_sem                          0x0000c544   Data          12  cmd.o(FSymTab)
    __fsym_list_event                        0x0000c550   Data          12  cmd.o(FSymTab)
    __fsym_list_mutex                        0x0000c55c   Data          12  cmd.o(FSymTab)
    __fsym_list_mailbox                      0x0000c568   Data          12  cmd.o(FSymTab)
    __fsym_list_msgqueue                     0x0000c574   Data          12  cmd.o(FSymTab)
    __fsym_list_mempool                      0x0000c580   Data          12  cmd.o(FSymTab)
    __fsym_list_timer                        0x0000c58c   Data          12  cmd.o(FSymTab)
    __fsym_list_device                       0x0000c598   Data          12  cmd.o(FSymTab)
    FSymTab$$Limit                           0x0000c5a4   Number         0  cmd.o(FSymTab)
    Region$$Table$$Base                      0x0000c5a4   Number         0  anon$$obj.o(Region$$Table)
    Region$$Table$$Limit                     0x0000c5c4   Number         0  anon$$obj.o(Region$$Table)
    g_stcCurrentTime                         0x20000000   Data           7  rtc_calendar.o(.data)
    temperature                              0x20000007   Data           1  dht11.o(.data)
    humidity                                 0x20000008   Data           1  dht11.o(.data)
    rt_interrupt_from_thread                 0x2000000c   Data           4  cpuport.o(.data)
    rt_interrupt_to_thread                   0x20000010   Data           4  cpuport.o(.data)
    rt_thread_switch_interrupt_flag          0x20000014   Data           4  cpuport.o(.data)
    pin_irq_hdr_tab                          0x2000001c   Data         768  drv_gpio.o(.data)
    _syscall_table_begin                     0x2000037c   Data           4  shell.o(.data)
    _syscall_table_end                       0x20000380   Data           4  shell.o(.data)
    shell                                    0x20000384   Data           4  shell.o(.data)
    SystemCoreClock                          0x2000038c   Data           4  system_hc32l13x.o(.data)
    rt_thread_ready_priority_group           0x200003d0   Data           4  scheduler.o(.data)
    rt_current_thread                        0x200003d8   Data           4  scheduler.o(.data)
    rt_current_priority                      0x200003dc   Data           1  scheduler.o(.data)
    rt_assert_hook                           0x200003fc   Data           4  kservice.o(.data)
    rt_interrupt_nest                        0x20000430   Data           1  irq.o(.data)
    rt_object_trytake_hook                   0x200004dc   Data           4  object.o(.data)
    rt_object_take_hook                      0x200004e0   Data           4  object.o(.data)
    rt_object_put_hook                       0x200004e4   Data           4  object.o(.data)
    OLED_GRAM                                0x200004fc   Data        1152  oled.o(.bss)
    rt_thread_priority_table                 0x20000aa0   Data         256  scheduler.o(.bss)
    __libspace_start                         0x20001054   Data          96  libspace.o(.bss)
    __temporary_stack_top$libspace           0x200010b4   Data           0  libspace.o(.bss)
    Image$$RW_IRAM1$$ZI$$Limit               0x200014b8   Number         0  anon$$obj.o ABSOLUTE



==============================================================================

Memory Map of the image

  Image Entry point : 0x000000c1

  Load Region LR_IROM1 (Base: 0x00000000, Size: 0x0000cac0, Max: 0x00010000, ABSOLUTE, COMPRESSED[0x0000c64c])

    Execution Region ER_IROM1 (Exec base: 0x00000000, Load base: 0x00000000, Size: 0x0000c5c4, Max: 0x00010000, ABSOLUTE)

    Exec Addr    Load Addr    Size         Type   Attr      Idx    E Section Name        Object

    0x00000000   0x00000000   0x000000c0   Data   RO         2110    RESET               startup_hc32l136.o
    0x000000c0   0x000000c0   0x00000008   Code   RO         5606  * !!!main             c_p.l(__main.o)
    0x000000c8   0x000000c8   0x0000003c   Code   RO         5772    !!!scatter          c_p.l(__scatter.o)
    0x00000104   0x00000104   0x0000001c   Code   RO         5774    !!handler_zi        c_p.l(__scatter_zi.o)
    0x00000120   0x00000120   0x00000002   Code   RO         5646    .ARM.Collect$$libinit$$00000000  c_p.l(libinit.o)
    0x00000122   0x00000122   0x00000000   Code   RO         5660    .ARM.Collect$$libinit$$00000002  c_p.l(libinit2.o)
    0x00000122   0x00000122   0x00000000   Code   RO         5662    .ARM.Collect$$libinit$$00000004  c_p.l(libinit2.o)
    0x00000122   0x00000122   0x00000000   Code   RO         5665    .ARM.Collect$$libinit$$0000000A  c_p.l(libinit2.o)
    0x00000122   0x00000122   0x00000000   Code   RO         5667    .ARM.Collect$$libinit$$0000000C  c_p.l(libinit2.o)
    0x00000122   0x00000122   0x00000000   Code   RO         5669    .ARM.Collect$$libinit$$0000000E  c_p.l(libinit2.o)
    0x00000122   0x00000122   0x00000000   Code   RO         5672    .ARM.Collect$$libinit$$00000011  c_p.l(libinit2.o)
    0x00000122   0x00000122   0x00000000   Code   RO         5674    .ARM.Collect$$libinit$$00000013  c_p.l(libinit2.o)
    0x00000122   0x00000122   0x00000000   Code   RO         5676    .ARM.Collect$$libinit$$00000015  c_p.l(libinit2.o)
    0x00000122   0x00000122   0x00000000   Code   RO         5678    .ARM.Collect$$libinit$$00000017  c_p.l(libinit2.o)
    0x00000122   0x00000122   0x00000000   Code   RO         5680    .ARM.Collect$$libinit$$00000019  c_p.l(libinit2.o)
    0x00000122   0x00000122   0x00000000   Code   RO         5682    .ARM.Collect$$libinit$$0000001B  c_p.l(libinit2.o)
    0x00000122   0x00000122   0x00000000   Code   RO         5684    .ARM.Collect$$libinit$$0000001D  c_p.l(libinit2.o)
    0x00000122   0x00000122   0x00000000   Code   RO         5686    .ARM.Collect$$libinit$$0000001F  c_p.l(libinit2.o)
    0x00000122   0x00000122   0x00000000   Code   RO         5688    .ARM.Collect$$libinit$$00000021  c_p.l(libinit2.o)
    0x00000122   0x00000122   0x00000000   Code   RO         5690    .ARM.Collect$$libinit$$00000023  c_p.l(libinit2.o)
    0x00000122   0x00000122   0x00000000   Code   RO         5692    .ARM.Collect$$libinit$$00000025  c_p.l(libinit2.o)
    0x00000122   0x00000122   0x00000000   Code   RO         5696    .ARM.Collect$$libinit$$0000002C  c_p.l(libinit2.o)
    0x00000122   0x00000122   0x00000000   Code   RO         5698    .ARM.Collect$$libinit$$0000002E  c_p.l(libinit2.o)
    0x00000122   0x00000122   0x00000000   Code   RO         5700    .ARM.Collect$$libinit$$00000030  c_p.l(libinit2.o)
    0x00000122   0x00000122   0x00000000   Code   RO         5702    .ARM.Collect$$libinit$$00000032  c_p.l(libinit2.o)
    0x00000122   0x00000122   0x00000002   Code   RO         5703    .ARM.Collect$$libinit$$00000033  c_p.l(libinit2.o)
    0x00000124   0x00000124   0x00000002   Code   RO         5727    .ARM.Collect$$libshutdown$$00000000  c_p.l(libshutdown.o)
    0x00000126   0x00000126   0x00000000   Code   RO         5751    .ARM.Collect$$libshutdown$$00000002  c_p.l(libshutdown2.o)
    0x00000126   0x00000126   0x00000000   Code   RO         5753    .ARM.Collect$$libshutdown$$00000004  c_p.l(libshutdown2.o)
    0x00000126   0x00000126   0x00000000   Code   RO         5755    .ARM.Collect$$libshutdown$$00000006  c_p.l(libshutdown2.o)
    0x00000126   0x00000126   0x00000000   Code   RO         5758    .ARM.Collect$$libshutdown$$00000009  c_p.l(libshutdown2.o)
    0x00000126   0x00000126   0x00000000   Code   RO         5761    .ARM.Collect$$libshutdown$$0000000C  c_p.l(libshutdown2.o)
    0x00000126   0x00000126   0x00000000   Code   RO         5763    .ARM.Collect$$libshutdown$$0000000E  c_p.l(libshutdown2.o)
    0x00000126   0x00000126   0x00000000   Code   RO         5766    .ARM.Collect$$libshutdown$$00000011  c_p.l(libshutdown2.o)
    0x00000126   0x00000126   0x00000002   Code   RO         5767    .ARM.Collect$$libshutdown$$00000012  c_p.l(libshutdown2.o)
    0x00000128   0x00000128   0x00000000   Code   RO         5608    .ARM.Collect$$rtentry$$00000000  c_p.l(__rtentry.o)
    0x00000128   0x00000128   0x00000000   Code   RO         5616    .ARM.Collect$$rtentry$$00000002  c_p.l(__rtentry2.o)
    0x00000128   0x00000128   0x00000006   Code   RO         5628    .ARM.Collect$$rtentry$$00000004  c_p.l(__rtentry4.o)
    0x0000012e   0x0000012e   0x00000000   Code   RO         5618    .ARM.Collect$$rtentry$$00000009  c_p.l(__rtentry2.o)
    0x0000012e   0x0000012e   0x00000004   Code   RO         5619    .ARM.Collect$$rtentry$$0000000A  c_p.l(__rtentry2.o)
    0x00000132   0x00000132   0x00000000   Code   RO         5621    .ARM.Collect$$rtentry$$0000000C  c_p.l(__rtentry2.o)
    0x00000132   0x00000132   0x00000008   Code   RO         5622    .ARM.Collect$$rtentry$$0000000D  c_p.l(__rtentry2.o)
    0x0000013a   0x0000013a   0x00000002   Code   RO         5651    .ARM.Collect$$rtexit$$00000000  c_p.l(rtexit.o)
    0x0000013c   0x0000013c   0x00000000   Code   RO         5705    .ARM.Collect$$rtexit$$00000002  c_p.l(rtexit2.o)
    0x0000013c   0x0000013c   0x00000004   Code   RO         5706    .ARM.Collect$$rtexit$$00000003  c_p.l(rtexit2.o)
    0x00000140   0x00000140   0x00000006   Code   RO         5707    .ARM.Collect$$rtexit$$00000004  c_p.l(rtexit2.o)
    0x00000146   0x00000146   0x00000002   PAD
    0x00000148   0x00000148   0x00000038   Code   RO         5592    .emb_text           c_p.l(rt_memcpy.o)
    0x00000180   0x00000180   0x000000d8   Code   RO          863    .text               context_rvds.o
    0x00000258   0x00000258   0x00000058   Code   RO         2111    .text               startup_hc32l136.o
    0x000002b0   0x000002b0   0x00000002   Code   RO         5576    .text               c_p.l(use_no_semi.o)
    0x000002b2   0x000002b2   0x00000002   Code   RO         5578    .text               c_p.l(use_no_semi_2.o)
    0x000002b4   0x000002b4   0x0000005a   Code   RO         5582    .text               c_p.l(memcmp.o)
    0x0000030e   0x0000030e   0x00000002   PAD
    0x00000310   0x00000310   0x0000004c   Code   RO         5584    .text               c_p.l(strcpy.o)
    0x0000035c   0x0000035c   0x00000044   Code   RO         5586    .text               c_p.l(strlen.o)
    0x000003a0   0x000003a0   0x000000a0   Code   RO         5588    .text               c_p.l(strncmp.o)
    0x00000440   0x00000440   0x00000018   Code   RO         5590    .text               c_p.l(strcat.o)
    0x00000458   0x00000458   0x0000006c   Code   RO         5596    .text               c_p.l(strncpy.o)
    0x000004c4   0x000004c4   0x0000015a   Code   RO         5600    .text               c_p.l(aeabi_sdiv.o)
    0x0000061e   0x0000061e   0x00000006   Code   RO         5604    .text               c_p.l(heapauxi.o)
    0x00000624   0x00000624   0x00000040   Code   RO         5613    .text               c_p.l(rt_memclr.o)
    0x00000664   0x00000664   0x0000003e   Code   RO         5632    .text               c_p.l(sys_stackheap_outer.o)
    0x000006a2   0x000006a2   0x00000010   Code   RO         5635    .text               c_p.l(exit.o)
    0x000006b2   0x000006b2   0x00000002   PAD
    0x000006b4   0x000006b4   0x00000008   Code   RO         5647    .text               c_p.l(libspace.o)
    0x000006bc   0x000006bc   0x00000056   Code   RO         5770    .text               c_p.l(__dczerorl2.o)
    0x00000712   0x00000712   0x0000000a   Code   RO         4685    i.$Sub$$main        components.o
    0x0000071c   0x0000071c   0x0000001c   Code   RO         3679    i.Change_DateTimeFormat  rtc.o
    0x00000738   0x00000738   0x00000022   Code   RO         3680    i.Check_BCD_Format  rtc.o
    0x0000075a   0x0000075a   0x00000056   Code   RO          383    i.DHT11_Check       dht11.o
    0x000007b0   0x000007b0   0x00000020   Code   RO          384    i.DHT11_IO_IN       dht11.o
    0x000007d0   0x000007d0   0x00000022   Code   RO          385    i.DHT11_IO_OUT      dht11.o
    0x000007f2   0x000007f2   0x0000000c   Code   RO          386    i.DHT11_Init        dht11.o
    0x000007fe   0x000007fe   0x00000058   Code   RO          387    i.DHT11_Read_Bit    dht11.o
    0x00000856   0x00000856   0x0000001e   Code   RO          388    i.DHT11_Read_Byte   dht11.o
    0x00000874   0x00000874   0x00000056   Code   RO          389    i.DHT11_Read_Data   dht11.o
    0x000008ca   0x000008ca   0x00000028   Code   RO          390    i.DHT11_Rst         dht11.o
    0x000008f2   0x000008f2   0x00000002   PAD
    0x000008f4   0x000008f4   0x000000a8   Code   RO          391    i.Display_DHT11     dht11.o
    0x0000099c   0x0000099c   0x00000168   Code   RO          348    i.Display_Time      rtc_calendar.o
    0x00000b04   0x00000b04   0x00000088   Code   RO         2235    i.EnableNvic        interrupts_hc32l136.o
    0x00000b8c   0x00000b8c   0x0000002c   Code   RO         3681    i.Get_Month_Max_Day  rtc.o
    0x00000bb8   0x00000bb8   0x0000001c   Code   RO         2789    i.Gpio_ClearIrq     gpio.o
    0x00000bd4   0x00000bd4   0x0000001c   Code   RO         2790    i.Gpio_ClrIO        gpio.o
    0x00000bf0   0x00000bf0   0x00000018   Code   RO         2792    i.Gpio_DisableIrq   gpio.o
    0x00000c08   0x00000c08   0x00000018   Code   RO         2793    i.Gpio_EnableIrq    gpio.o
    0x00000c20   0x00000c20   0x00000014   Code   RO         2795    i.Gpio_GetInputIO   gpio.o
    0x00000c34   0x00000c34   0x00000014   Code   RO         2796    i.Gpio_GetIrqStatus  gpio.o
    0x00000c48   0x00000c48   0x0000003a   Code   RO         1628    i.Gpio_IRQHandler   drv_gpio.o
    0x00000c82   0x00000c82   0x00000002   PAD
    0x00000c84   0x00000c84   0x00000138   Code   RO         2797    i.Gpio_Init         gpio.o
    0x00000dbc   0x00000dbc   0x00000014   Code   RO         2799    i.Gpio_SetAfMode    gpio.o
    0x00000dd0   0x00000dd0   0x0000001c   Code   RO         2802    i.Gpio_SetIO        gpio.o
    0x00000dec   0x00000dec   0x00000038   Code   RO         2814    i.Gpio_WriteOutputIO  gpio.o
    0x00000e24   0x00000e24   0x0000000a   Code   RO         2236    i.IRQ000_Handler    interrupts_hc32l136.o
    0x00000e2e   0x00000e2e   0x0000000a   Code   RO         2237    i.IRQ001_Handler    interrupts_hc32l136.o
    0x00000e38   0x00000e38   0x0000000a   Code   RO         2238    i.IRQ002_Handler    interrupts_hc32l136.o
    0x00000e42   0x00000e42   0x0000000a   Code   RO         2239    i.IRQ003_Handler    interrupts_hc32l136.o
    0x00000e4c   0x00000e4c   0x0000000a   Code   RO         2240    i.IRQ004_Handler    interrupts_hc32l136.o
    0x00000e56   0x00000e56   0x0000000a   Code   RO         2241    i.IRQ005_Handler    interrupts_hc32l136.o
    0x00000e60   0x00000e60   0x0000000a   Code   RO         2242    i.IRQ006_Handler    interrupts_hc32l136.o
    0x00000e6a   0x00000e6a   0x0000000a   Code   RO         2243    i.IRQ007_Handler    interrupts_hc32l136.o
    0x00000e74   0x00000e74   0x0000000a   Code   RO         2244    i.IRQ008_Handler    interrupts_hc32l136.o
    0x00000e7e   0x00000e7e   0x0000000a   Code   RO         2245    i.IRQ009_Handler    interrupts_hc32l136.o
    0x00000e88   0x00000e88   0x0000000a   Code   RO         2246    i.IRQ010_Handler    interrupts_hc32l136.o
    0x00000e92   0x00000e92   0x0000000a   Code   RO         2247    i.IRQ011_Handler    interrupts_hc32l136.o
    0x00000e9c   0x00000e9c   0x0000000a   Code   RO         2248    i.IRQ012_Handler    interrupts_hc32l136.o
    0x00000ea6   0x00000ea6   0x0000000a   Code   RO         2249    i.IRQ013_Handler    interrupts_hc32l136.o
    0x00000eb0   0x00000eb0   0x0000000a   Code   RO         2250    i.IRQ014_Handler    interrupts_hc32l136.o
    0x00000eba   0x00000eba   0x0000000a   Code   RO         2251    i.IRQ015_Handler    interrupts_hc32l136.o
    0x00000ec4   0x00000ec4   0x0000000a   Code   RO         2252    i.IRQ016_Handler    interrupts_hc32l136.o
    0x00000ece   0x00000ece   0x0000000a   Code   RO         2253    i.IRQ017_Handler    interrupts_hc32l136.o
    0x00000ed8   0x00000ed8   0x0000000a   Code   RO         2254    i.IRQ018_Handler    interrupts_hc32l136.o
    0x00000ee2   0x00000ee2   0x0000000a   Code   RO         2255    i.IRQ019_Handler    interrupts_hc32l136.o
    0x00000eec   0x00000eec   0x0000000a   Code   RO         2256    i.IRQ020_Handler    interrupts_hc32l136.o
    0x00000ef6   0x00000ef6   0x0000000a   Code   RO         2257    i.IRQ021_Handler    interrupts_hc32l136.o
    0x00000f00   0x00000f00   0x0000000a   Code   RO         2258    i.IRQ022_Handler    interrupts_hc32l136.o
    0x00000f0a   0x00000f0a   0x0000000a   Code   RO         2259    i.IRQ023_Handler    interrupts_hc32l136.o
    0x00000f14   0x00000f14   0x0000000a   Code   RO         2260    i.IRQ024_Handler    interrupts_hc32l136.o
    0x00000f1e   0x00000f1e   0x0000000a   Code   RO         2261    i.IRQ025_Handler    interrupts_hc32l136.o
    0x00000f28   0x00000f28   0x0000000a   Code   RO         2262    i.IRQ026_Handler    interrupts_hc32l136.o
    0x00000f32   0x00000f32   0x0000000a   Code   RO         2263    i.IRQ027_Handler    interrupts_hc32l136.o
    0x00000f3c   0x00000f3c   0x0000000a   Code   RO         2264    i.IRQ028_Handler    interrupts_hc32l136.o
    0x00000f46   0x00000f46   0x0000000a   Code   RO         2265    i.IRQ029_Handler    interrupts_hc32l136.o
    0x00000f50   0x00000f50   0x0000000a   Code   RO         2266    i.IRQ030_Handler    interrupts_hc32l136.o
    0x00000f5a   0x00000f5a   0x0000000a   Code   RO         2267    i.IRQ031_Handler    interrupts_hc32l136.o
    0x00000f64   0x00000f64   0x00000030   Code   RO          163    i.OLED_Clear        oled.o
    0x00000f94   0x00000f94   0x0000001e   Code   RO          164    i.OLED_ColorTurn    oled.o
    0x00000fb2   0x00000fb2   0x0000002e   Code   RO          167    i.OLED_DisplayTurn  oled.o
    0x00000fe0   0x00000fe0   0x00000078   Code   RO          170    i.OLED_DrawPoint    oled.o
    0x00001058   0x00001058   0x00000162   Code   RO          171    i.OLED_Init         oled.o
    0x000011ba   0x000011ba   0x0000001a   Code   RO          172    i.OLED_Pow          oled.o
    0x000011d4   0x000011d4   0x0000004c   Code   RO          173    i.OLED_Refresh      oled.o
    0x00001220   0x00001220   0x00000128   Code   RO          175    i.OLED_ShowChar     oled.o
    0x00001348   0x00001348   0x00000108   Code   RO          176    i.OLED_ShowChinese  oled.o
    0x00001450   0x00001450   0x00000098   Code   RO          177    i.OLED_ShowNum      oled.o
    0x000014e8   0x000014e8   0x00000044   Code   RO          179    i.OLED_ShowString   oled.o
    0x0000152c   0x0000152c   0x00000070   Code   RO          180    i.OLED_WR_Byte      oled.o
    0x0000159c   0x0000159c   0x00000074   Code   RO          349    i.RTC_Init_Config   rtc_calendar.o
    0x00001610   0x00001610   0x00000008   Code   RO         3682    i.RtcGetInternDataCb  rtc.o
    0x00001618   0x00001618   0x0000015c   Code   RO         3684    i.Rtc_CheckDateTimeFormat  rtc.o
    0x00001774   0x00001774   0x00000064   Code   RO         3690    i.Rtc_EnableFunc    rtc.o
    0x000017d8   0x000017d8   0x0000008a   Code   RO         3695    i.Rtc_Init          rtc.o
    0x00001862   0x00001862   0x00000002   PAD
    0x00001864   0x00001864   0x000000cc   Code   RO         3698    i.Rtc_ReadDateTime  rtc.o
    0x00001930   0x00001930   0x00000028   Code   RO         3699    i.Rtc_SelClk        rtc.o
    0x00001958   0x00001958   0x00000038   Code   RO         3702    i.Rtc_SetAmPm       rtc.o
    0x00001990   0x00001990   0x0000005c   Code   RO         3704    i.Rtc_SetCyc        rtc.o
    0x000019ec   0x000019ec   0x000000c8   Code   RO         3705    i.Rtc_WriteDateTime  rtc.o
    0x00001ab4   0x00001ab4   0x00000024   Code   RO          350    i.Safe_BCD_To_Dec   rtc_calendar.o
    0x00001ad8   0x00001ad8   0x00000048   Code   RO         1569    i.SysTick_Configuration  board.o
    0x00001b20   0x00001b20   0x00000010   Code   RO         1570    i.SysTick_Handler   board.o
    0x00001b30   0x00001b30   0x00000140   Code   RO         2639    i.Sysctrl_ClkSourceEnable  sysctrl.o
    0x00001c70   0x00001c70   0x00000174   Code   RO         2640    i.Sysctrl_GetHClkFreq  sysctrl.o
    0x00001de4   0x00001de4   0x00000020   Code   RO         2641    i.Sysctrl_GetPClkFreq  sysctrl.o
    0x00001e04   0x00001e04   0x0000003c   Code   RO         2648    i.Sysctrl_SetPeripheralGate  sysctrl.o
    0x00001e40   0x00001e40   0x0000009c   Code   RO         2649    i.Sysctrl_SetRCHTrim  sysctrl.o
    0x00001edc   0x00001edc   0x00000010   Code   RO         2200    i.SystemCoreClockUpdate  system_hc32l13x.o
    0x00001eec   0x00001eec   0x00000008   Code   RO         2201    i.SystemInit        system_hc32l13x.o
    0x00001ef4   0x00001ef4   0x00000050   Code   RO         2455    i.UartDeInitNvic    uart.o
    0x00001f44   0x00001f44   0x00000030   Code   RO         2456    i.UartGetInternDataPtr  uart.o
    0x00001f74   0x00001f74   0x00000038   Code   RO         2457    i.UartInitNvic      uart.o
    0x00001fac   0x00001fac   0x00000068   Code   RO         2458    i.Uart_CalScnt      uart.o
    0x00002014   0x00002014   0x00000074   Code   RO         2460    i.Uart_ClrStatus    uart.o
    0x00002088   0x00002088   0x0000008e   Code   RO         2462    i.Uart_DisableIrq   uart.o
    0x00002116   0x00002116   0x00000088   Code   RO         2463    i.Uart_EnableFunc   uart.o
    0x0000219e   0x0000219e   0x0000009a   Code   RO         2464    i.Uart_EnableIrq    uart.o
    0x00002238   0x00002238   0x000000b0   Code   RO         2468    i.Uart_GetStatus    uart.o
    0x000022e8   0x000022e8   0x000000b2   Code   RO         2469    i.Uart_IRQHandler   uart.o
    0x0000239a   0x0000239a   0x00000084   Code   RO         2470    i.Uart_Init         uart.o
    0x0000241e   0x0000241e   0x0000001e   Code   RO         2471    i.Uart_ReceiveData  uart.o
    0x0000243c   0x0000243c   0x0000003a   Code   RO         2472    i.Uart_SendData     uart.o
    0x00002476   0x00002476   0x00000018   Code   RO         2473    i.Uart_SetBaud      uart.o
    0x0000248e   0x0000248e   0x0000002c   Code   RO         2474    i.Uart_SetClkDiv    uart.o
    0x000024ba   0x000024ba   0x00000030   Code   RO         2475    i.Uart_SetMMDOrCk   uart.o
    0x000024ea   0x000024ea   0x00000030   Code   RO         2476    i.Uart_SetMode      uart.o
    0x0000251a   0x0000251a   0x00000048   Code   RO         2477    i.Uart_SetMultiMode  uart.o
    0x00002562   0x00002562   0x00000046   Code   RO         2480    i.Uart_SetStopBit   uart.o
    0x000025a8   0x000025a8   0x000000d4   Code   RO         2815    i._GpioEnableIrq    gpio.o
    0x0000267c   0x0000267c   0x00000018   Code   RO         2659    i._SysctrlUnlock    sysctrl.o
    0x00002694   0x00002694   0x0000001c   Code   RO         1689    i.__ARM_common_switch8  drv_gpio.o
    0x000026b0   0x000026b0   0x00000018   Code   RO         2481    i.__NVIC_ClearPendingIRQ  uart.o
    0x000026c8   0x000026c8   0x00000078   Code   RO         1571    i.__NVIC_SetPriority  board.o
    0x00002740   0x00002740   0x00000078   Code   RO         2268    i.__NVIC_SetPriority  interrupts_hc32l136.o
    0x000027b8   0x000027b8   0x00000078   Code   RO         2482    i.__NVIC_SetPriority  uart.o
    0x00002830   0x00002830   0x0000005c   Code   RO         4218    i.__rt_ffs          kservice.o
    0x0000288c   0x0000288c   0x00000020   Code   RO         4219    i._heap_lock        kservice.o
    0x000028ac   0x000028ac   0x0000003c   Code   RO         4220    i._heap_unlock      kservice.o
    0x000028e8   0x000028e8   0x00000018   Code   RO         4889    i._ipc_list_resume  ipc.o
    0x00002900   0x00002900   0x00000078   Code   RO         4891    i._ipc_list_suspend  ipc.o
    0x00002978   0x00002978   0x00000010   Code   RO         4892    i._ipc_object_init  ipc.o
    0x00002988   0x00002988   0x00000098   Code   RO         1937    i._msh_exec_cmd     msh.o
    0x00002a20   0x00002a20   0x000000a4   Code   RO         1629    i._pin_attach_irq   drv_gpio.o
    0x00002ac4   0x00002ac4   0x00000044   Code   RO         1419    i._pin_control      pin.o
    0x00002b08   0x00002b08   0x00000068   Code   RO         1630    i._pin_detach_irq   drv_gpio.o
    0x00002b70   0x00002b70   0x00000134   Code   RO         1631    i._pin_irq_enable   drv_gpio.o
    0x00002ca4   0x00002ca4   0x00000098   Code   RO         1632    i._pin_mode         drv_gpio.o
    0x00002d3c   0x00002d3c   0x00000050   Code   RO         1420    i._pin_read         pin.o
    0x00002d8c   0x00002d8c   0x00000028   Code   RO         1633    i._pin_read         drv_gpio.o
    0x00002db4   0x00002db4   0x00000050   Code   RO         1421    i._pin_write        pin.o
    0x00002e04   0x00002e04   0x0000002e   Code   RO         1634    i._pin_write        drv_gpio.o
    0x00002e32   0x00002e32   0x00000002   PAD
    0x00002e34   0x00002e34   0x000000c4   Code   RO         4136    i._rt_scheduler_stack_check  scheduler.o
    0x00002ef8   0x00002ef8   0x00000028   Code   RO         4137    i._scheduler_get_highest_priority_thread  scheduler.o
    0x00002f20   0x00002f20   0x00000040   Code   RO         1491    i._serial_check_buffer_size  serial.o
    0x00002f60   0x00002f60   0x000000bc   Code   RO         1492    i._serial_int_rx    serial.o
    0x0000301c   0x0000301c   0x0000009c   Code   RO         1493    i._serial_int_tx    serial.o
    0x000030b8   0x000030b8   0x00000068   Code   RO         1494    i._serial_poll_rx   serial.o
    0x00003120   0x00003120   0x00000054   Code   RO         1495    i._serial_poll_tx   serial.o
    0x00003174   0x00003174   0x00000002   Code   RO         2969    i._sys_exit         ddl.o
    0x00003176   0x00003176   0x00000034   Code   RO         5432    i._thread_exit      thread.o
    0x000031aa   0x000031aa   0x00000002   PAD
    0x000031ac   0x000031ac   0x000000d8   Code   RO         5433    i._thread_init      thread.o
    0x00003284   0x00003284   0x000000bc   Code   RO         5434    i._thread_timeout   thread.o
    0x00003340   0x00003340   0x0000003c   Code   RO         4754    i._timer_init       timer.o
    0x0000337c   0x0000337c   0x00000036   Code   RO         4755    i._timer_list_next_timeout  timer.o
    0x000033b2   0x000033b2   0x0000001c   Code   RO         4756    i._timer_remove     timer.o
    0x000033ce   0x000033ce   0x00000002   PAD
    0x000033d0   0x000033d0   0x0000004c   Code   RO         4757    i._timer_thread_entry  timer.o
    0x0000341c   0x0000341c   0x00000014   Code   RO         1998    i.clear             cmd.o
    0x00003430   0x00003430   0x00000064   Code   RO         1938    i.cmd_free          msh.o
    0x00003494   0x00003494   0x0000000e   Code   RO         1939    i.cmd_ps            msh.o
    0x000034a2   0x000034a2   0x00000020   Code   RO         2970    i.ddl_memclr        ddl.o
    0x000034c2   0x000034c2   0x00000002   PAD
    0x000034c4   0x000034c4   0x0000005c   Code   RO         2972    i.delay10us         ddl.o
    0x00003520   0x00003520   0x00000058   Code   RO         2973    i.delay1ms          ddl.o
    0x00003578   0x00003578   0x00000060   Code   RO         1820    i.finsh_get_prompt  shell.o
    0x000035d8   0x000035d8   0x00000090   Code   RO         1822    i.finsh_getchar     shell.o
    0x00003668   0x00003668   0x00000040   Code   RO         1823    i.finsh_rx_ind      shell.o
    0x000036a8   0x000036a8   0x00000104   Code   RO         1824    i.finsh_set_device  shell.o
    0x000037ac   0x000037ac   0x00000050   Code   RO         1827    i.finsh_set_prompt_mode  shell.o
    0x000037fc   0x000037fc   0x00000014   Code   RO         1828    i.finsh_system_function_init  shell.o
    0x00003810   0x00003810   0x000000a4   Code   RO         1829    i.finsh_system_init  shell.o
    0x000038b4   0x000038b4   0x000005f8   Code   RO         1830    i.finsh_thread_entry  shell.o
    0x00003eac   0x00003eac   0x000001b4   Code   RO         1696    i.hc32_configure    drv_usart.o
    0x00004060   0x00004060   0x0000006c   Code   RO         1697    i.hc32_control      drv_usart.o
    0x000040cc   0x000040cc   0x00000008   Code   RO         1698    i.hc32_dma_transmit  drv_usart.o
    0x000040d4   0x000040d4   0x00000058   Code   RO         1699    i.hc32_get_uart_index  drv_usart.o
    0x0000412c   0x0000412c   0x0000008c   Code   RO         1700    i.hc32_getc         drv_usart.o
    0x000041b8   0x000041b8   0x000000d0   Code   RO         1701    i.hc32_hw_uart_init  drv_usart.o
    0x00004288   0x00004288   0x00000060   Code   RO         1702    i.hc32_putc         drv_usart.o
    0x000042e8   0x000042e8   0x00000018   Code   RO         1703    i.hc32_uart1_cts_irq_handler  drv_usart.o
    0x00004300   0x00004300   0x00000018   Code   RO         1704    i.hc32_uart1_pei_irq_handler  drv_usart.o
    0x00004318   0x00004318   0x00000020   Code   RO         1705    i.hc32_uart1_rx_irq_handler  drv_usart.o
    0x00004338   0x00004338   0x00000018   Code   RO         1706    i.hc32_uart1_rxerr_irq_handler  drv_usart.o
    0x00004350   0x00004350   0x00000018   Code   RO         1707    i.hc32_uart1_tx_irq_handler  drv_usart.o
    0x00004368   0x00004368   0x0000002c   Code   RO         1708    i.hc32_uart_cts_irq_handler  drv_usart.o
    0x00004394   0x00004394   0x00000002   Code   RO         1709    i.hc32_uart_get_dma_config  drv_usart.o
    0x00004396   0x00004396   0x00000002   PAD
    0x00004398   0x00004398   0x0000002c   Code   RO         1710    i.hc32_uart_pei_irq_handler  drv_usart.o
    0x000043c4   0x000043c4   0x00000034   Code   RO         1711    i.hc32_uart_rx_irq_handler  drv_usart.o
    0x000043f8   0x000043f8   0x0000002c   Code   RO         1712    i.hc32_uart_rxerr_irq_handler  drv_usart.o
    0x00004424   0x00004424   0x00000040   Code   RO         1713    i.hc32_uart_tx_irq_handler  drv_usart.o
    0x00004464   0x00004464   0x00000114   Code   RO         1999    i.list_device       cmd.o
    0x00004578   0x00004578   0x00000144   Code   RO         2000    i.list_event        cmd.o
    0x000046bc   0x000046bc   0x00000028   Code   RO         2001    i.list_find_init    cmd.o
    0x000046e4   0x000046e4   0x00000096   Code   RO         2002    i.list_get_next     cmd.o
    0x0000477a   0x0000477a   0x00000002   PAD
    0x0000477c   0x0000477c   0x0000015c   Code   RO         2003    i.list_mailbox      cmd.o
    0x000048d8   0x000048d8   0x00000174   Code   RO         2004    i.list_mempool      cmd.o
    0x00004a4c   0x00004a4c   0x00000144   Code   RO         2005    i.list_msgqueue     cmd.o
    0x00004b90   0x00004b90   0x0000010c   Code   RO         2006    i.list_mutex        cmd.o
    0x00004c9c   0x00004c9c   0x00000138   Code   RO         2007    i.list_sem          cmd.o
    0x00004dd4   0x00004dd4   0x000001ec   Code   RO         2008    i.list_thread       cmd.o
    0x00004fc0   0x00004fc0   0x000001a8   Code   RO         2009    i.list_timer        cmd.o
    0x00005168   0x00005168   0x00000074   Code   RO            3    i.main              main.o
    0x000051dc   0x000051dc   0x0000000e   Code   RO         4686    i.main_thread_entry  components.o
    0x000051ea   0x000051ea   0x00000002   PAD
    0x000051ec   0x000051ec   0x0000008c   Code   RO         1940    i.msh_auto_complete  msh.o
    0x00005278   0x00005278   0x00000074   Code   RO         1941    i.msh_exec          msh.o
    0x000052ec   0x000052ec   0x00000040   Code   RO         1942    i.msh_get_cmd       msh.o
    0x0000532c   0x0000532c   0x00000064   Code   RO         1943    i.msh_help          msh.o
    0x00005390   0x00005390   0x000000f8   Code   RO         1944    i.msh_split         msh.o
    0x00005488   0x00005488   0x0000001c   Code   RO         2010    i.object_split      cmd.o
    0x000054a4   0x000054a4   0x0000003c   Code   RO         1635    i.pin_irq_handler   drv_gpio.o
    0x000054e0   0x000054e0   0x000000e8   Code   RO         5389    i.plug_holes        mem.o
    0x000055c8   0x000055c8   0x00000194   Code   RO         4222    i.print_number      kservice.o
    0x0000575c   0x0000575c   0x00000050   Code   RO         4687    i.rt_application_init  components.o
    0x000057ac   0x000057ac   0x00000078   Code   RO         4223    i.rt_assert_handler  kservice.o
    0x00005824   0x00005824   0x00000028   Code   RO         4225    i.rt_calloc         kservice.o
    0x0000584c   0x0000584c   0x0000006c   Code   RO          867    i.rt_completion_done  completion.o
    0x000058b8   0x000058b8   0x00000048   Code   RO          868    i.rt_completion_init  completion.o
    0x00005900   0x00005900   0x00000204   Code   RO          869    i.rt_completion_wait  completion.o
    0x00005b04   0x00005b04   0x0000001c   Code   RO         4688    i.rt_components_board_init  components.o
    0x00005b20   0x00005b20   0x0000001c   Code   RO         4689    i.rt_components_init  components.o
    0x00005b3c   0x00005b3c   0x0000000c   Code   RO         4226    i.rt_console_get_device  kservice.o
    0x00005b48   0x00005b48   0x00000040   Code   RO         4227    i.rt_console_set_device  kservice.o
    0x00005b88   0x00005b88   0x0000000c   Code   RO         4138    i.rt_critical_level  scheduler.o
    0x00005b94   0x00005b94   0x00000040   Code   RO         5331    i.rt_defunct_execute  idle.o
    0x00005bd4   0x00005bd4   0x000000b8   Code   RO         4486    i.rt_device_close   device.o
    0x00005c8c   0x00005c8c   0x0000000e   Code   RO         4490    i.rt_device_find    device.o
    0x00005c9a   0x00005c9a   0x00000002   PAD
    0x00005c9c   0x00005c9c   0x0000011c   Code   RO         4492    i.rt_device_open    device.o
    0x00005db8   0x00005db8   0x00000048   Code   RO         1422    i.rt_device_pin_register  pin.o
    0x00005e00   0x00005e00   0x000000b4   Code   RO         4493    i.rt_device_read    device.o
    0x00005eb4   0x00005eb4   0x00000036   Code   RO         4494    i.rt_device_register  device.o
    0x00005eea   0x00005eea   0x00000002   PAD
    0x00005eec   0x00005eec   0x00000084   Code   RO         4495    i.rt_device_set_rx_indicate  device.o
    0x00005f70   0x00005f70   0x000000b4   Code   RO         4498    i.rt_device_write   device.o
    0x00006024   0x00006024   0x00000020   Code   RO         4139    i.rt_enter_critical  scheduler.o
    0x00006044   0x00006044   0x00000048   Code   RO         4140    i.rt_exit_critical  scheduler.o
    0x0000608c   0x0000608c   0x00000030   Code   RO         4228    i.rt_free           kservice.o
    0x000060bc   0x000060bc   0x00000012   Code   RO         1572    i.rt_hw_board_clock_init  board.o
    0x000060ce   0x000060ce   0x00000002   PAD
    0x000060d0   0x000060d0   0x00000030   Code   RO         1573    i.rt_hw_board_init  board.o
    0x00006100   0x00006100   0x00000002   Code   RO         4232    i.rt_hw_console_output  kservice.o
    0x00006102   0x00006102   0x00000002   PAD
    0x00006104   0x00006104   0x000000f4   Code   RO          836    i.rt_hw_hard_fault_exception  cpuport.o
    0x000061f8   0x000061f8   0x00000020   Code   RO         1636    i.rt_hw_pin_init    drv_gpio.o
    0x00006218   0x00006218   0x000000f8   Code   RO         1496    i.rt_hw_serial_isr  serial.o
    0x00006310   0x00006310   0x00000084   Code   RO         1497    i.rt_hw_serial_register  serial.o
    0x00006394   0x00006394   0x00000040   Code   RO          837    i.rt_hw_stack_init  cpuport.o
    0x000063d4   0x000063d4   0x00000038   Code   RO         5179    i.rt_interrupt_enter  irq.o
    0x0000640c   0x0000640c   0x0000001c   Code   RO         5181    i.rt_interrupt_get_nest  irq.o
    0x00006428   0x00006428   0x00000038   Code   RO         5182    i.rt_interrupt_leave  irq.o
    0x00006460   0x00006460   0x00000050   Code   RO         4233    i.rt_kprintf        kservice.o
    0x000064b0   0x000064b0   0x00000006   Code   RO         4758    i.rt_list_init      timer.o
    0x000064b6   0x000064b6   0x00000006   Code   RO         4900    i.rt_list_init      ipc.o
    0x000064bc   0x000064bc   0x0000000e   Code   RO         4759    i.rt_list_insert_after  timer.o
    0x000064ca   0x000064ca   0x0000000e   Code   RO         5218    i.rt_list_insert_after  object.o
    0x000064d8   0x000064d8   0x0000000e   Code   RO         4901    i.rt_list_insert_before  ipc.o
    0x000064e6   0x000064e6   0x00000010   Code   RO          870    i.rt_list_isempty   completion.o
    0x000064f6   0x000064f6   0x00000010   Code   RO         2011    i.rt_list_isempty   cmd.o
    0x00006506   0x00006506   0x00000010   Code   RO         4760    i.rt_list_isempty   timer.o
    0x00006516   0x00006516   0x00000010   Code   RO         4902    i.rt_list_isempty   ipc.o
    0x00006526   0x00006526   0x00000014   Code   RO         2012    i.rt_list_len       cmd.o
    0x0000653a   0x0000653a   0x00000012   Code   RO         4761    i.rt_list_remove    timer.o
    0x0000654c   0x0000654c   0x00000012   Code   RO         5219    i.rt_list_remove    object.o
    0x0000655e   0x0000655e   0x00000012   Code   RO         5435    i.rt_list_remove    thread.o
    0x00006570   0x00006570   0x00000040   Code   RO         4235    i.rt_malloc         kservice.o
    0x000065b0   0x000065b0   0x0000005e   Code   RO         4239    i.rt_memcpy         kservice.o
    0x0000660e   0x0000660e   0x00000042   Code   RO         4240    i.rt_memmove        kservice.o
    0x00006650   0x00006650   0x00000048   Code   RO         4241    i.rt_memory_info    kservice.o
    0x00006698   0x00006698   0x0000004c   Code   RO         4242    i.rt_memset         kservice.o
    0x000066e4   0x000066e4   0x0000005c   Code   RO         4925    i.rt_mutex_init     ipc.o
    0x00006740   0x00006740   0x000001e8   Code   RO         4926    i.rt_mutex_release  ipc.o
    0x00006928   0x00006928   0x00000274   Code   RO         4927    i.rt_mutex_take     ipc.o
    0x00006b9c   0x00006b9c   0x000000ec   Code   RO         5220    i.rt_object_allocate  object.o
    0x00006c88   0x00006c88   0x000000a8   Code   RO         5222    i.rt_object_delete  object.o
    0x00006d30   0x00006d30   0x00000060   Code   RO         5223    i.rt_object_detach  object.o
    0x00006d90   0x00006d90   0x000000b4   Code   RO         5225    i.rt_object_find    object.o
    0x00006e44   0x00006e44   0x00000024   Code   RO         5226    i.rt_object_get_information  object.o
    0x00006e68   0x00006e68   0x00000038   Code   RO         5229    i.rt_object_get_type  object.o
    0x00006ea0   0x00006ea0   0x000000c4   Code   RO         5230    i.rt_object_init    object.o
    0x00006f64   0x00006f64   0x00000040   Code   RO         5231    i.rt_object_is_systemobject  object.o
    0x00006fa4   0x00006fa4   0x00000164   Code   RO         4141    i.rt_schedule       scheduler.o
    0x00007108   0x00007108   0x000000a0   Code   RO         4142    i.rt_schedule_insert_thread  scheduler.o
    0x000071a8   0x000071a8   0x00000084   Code   RO         4143    i.rt_schedule_remove_thread  scheduler.o
    0x0000722c   0x0000722c   0x000000c0   Code   RO         4933    i.rt_sem_init       ipc.o
    0x000072ec   0x000072ec   0x000000b4   Code   RO         4934    i.rt_sem_release    ipc.o
    0x000073a0   0x000073a0   0x00000208   Code   RO         4935    i.rt_sem_take       ipc.o
    0x000075a8   0x000075a8   0x000000f8   Code   RO         1498    i.rt_serial_close   serial.o
    0x000076a0   0x000076a0   0x000000ac   Code   RO         1499    i.rt_serial_control  serial.o
    0x0000774c   0x0000774c   0x00000050   Code   RO         1500    i.rt_serial_init    serial.o
    0x0000779c   0x0000779c   0x000001d4   Code   RO         1501    i.rt_serial_open    serial.o
    0x00007970   0x00007970   0x0000005c   Code   RO         1502    i.rt_serial_read    serial.o
    0x000079cc   0x000079cc   0x0000005c   Code   RO         1503    i.rt_serial_write   serial.o
    0x00007a28   0x00007a28   0x0000002c   Code   RO         4244    i.rt_set_errno      kservice.o
    0x00007a54   0x00007a54   0x000000c4   Code   RO         4245    i.rt_show_version   kservice.o
    0x00007b18   0x00007b18   0x00000284   Code   RO         5390    i.rt_smem_alloc     mem.o
    0x00007d9c   0x00007d9c   0x000001b0   Code   RO         5392    i.rt_smem_free      mem.o
    0x00007f4c   0x00007f4c   0x00000100   Code   RO         5393    i.rt_smem_init      mem.o
    0x0000804c   0x0000804c   0x00000100   Code   RO         4762    i.rt_soft_timer_check  timer.o
    0x0000814c   0x0000814c   0x00000024   Code   RO         4247    i.rt_sprintf        kservice.o
    0x00008170   0x00008170   0x0000002a   Code   RO         4253    i.rt_strncmp        kservice.o
    0x0000819a   0x0000819a   0x00000038   Code   RO         4254    i.rt_strncpy        kservice.o
    0x000081d2   0x000081d2   0x00000002   PAD
    0x000081d4   0x000081d4   0x00000074   Code   RO         4257    i.rt_system_heap_init  kservice.o
    0x00008248   0x00008248   0x00000038   Code   RO         4146    i.rt_system_scheduler_init  scheduler.o
    0x00008280   0x00008280   0x00000028   Code   RO         4147    i.rt_system_scheduler_start  scheduler.o
    0x000082a8   0x000082a8   0x0000001c   Code   RO         4763    i.rt_system_timer_init  timer.o
    0x000082c4   0x000082c4   0x00000054   Code   RO         4764    i.rt_system_timer_thread_init  timer.o
    0x00008318   0x00008318   0x000000d0   Code   RO         5436    i.rt_thread_control  thread.o
    0x000083e8   0x000083e8   0x00000050   Code   RO         5437    i.rt_thread_create  thread.o
    0x00008438   0x00008438   0x0000003c   Code   RO         5332    i.rt_thread_defunct_dequeue  idle.o
    0x00008474   0x00008474   0x0000001c   Code   RO         5333    i.rt_thread_defunct_enqueue  idle.o
    0x00008490   0x00008490   0x0000000c   Code   RO         5438    i.rt_thread_delay   thread.o
    0x0000849c   0x0000849c   0x000000e0   Code   RO         5440    i.rt_thread_delete  thread.o
    0x0000857c   0x0000857c   0x000000d4   Code   RO         5441    i.rt_thread_detach  thread.o
    0x00008650   0x00008650   0x00000024   Code   RO         5335    i.rt_thread_idle_entry  idle.o
    0x00008674   0x00008674   0x00000060   Code   RO         5337    i.rt_thread_idle_init  idle.o
    0x000086d4   0x000086d4   0x00000084   Code   RO         5443    i.rt_thread_init    thread.o
    0x00008758   0x00008758   0x000000a0   Code   RO         5446    i.rt_thread_resume  thread.o
    0x000087f8   0x000087f8   0x0000000c   Code   RO         5448    i.rt_thread_self    thread.o
    0x00008804   0x00008804   0x00000088   Code   RO         5449    i.rt_thread_sleep   thread.o
    0x0000888c   0x0000888c   0x000000c0   Code   RO         5450    i.rt_thread_startup  thread.o
    0x0000894c   0x0000894c   0x000000dc   Code   RO         5451    i.rt_thread_suspend  thread.o
    0x00008a28   0x00008a28   0x0000000c   Code   RO         4572    i.rt_tick_get       clock.o
    0x00008a34   0x00008a34   0x00000068   Code   RO         4574    i.rt_tick_increase  clock.o
    0x00008a9c   0x00008a9c   0x000000ec   Code   RO         4765    i.rt_timer_check    timer.o
    0x00008b88   0x00008b88   0x00000124   Code   RO         4766    i.rt_timer_control  timer.o
    0x00008cac   0x00008cac   0x000000e4   Code   RO         4769    i.rt_timer_detach   timer.o
    0x00008d90   0x00008d90   0x000000a4   Code   RO         4772    i.rt_timer_init     timer.o
    0x00008e34   0x00008e34   0x000001e0   Code   RO         4774    i.rt_timer_start    timer.o
    0x00009014   0x00009014   0x000000c4   Code   RO         4775    i.rt_timer_stop     timer.o
    0x000090d8   0x000090d8   0x0000037c   Code   RO         4258    i.rt_vsnprintf      kservice.o
    0x00009454   0x00009454   0x00000016   Code   RO         4259    i.rt_vsprintf       kservice.o
    0x0000946a   0x0000946a   0x00000004   Code   RO         4690    i.rti_board_end     components.o
    0x0000946e   0x0000946e   0x00000004   Code   RO         4691    i.rti_board_start   components.o
    0x00009472   0x00009472   0x00000004   Code   RO         4692    i.rti_end           components.o
    0x00009476   0x00009476   0x00000004   Code   RO         4693    i.rti_start         components.o
    0x0000947a   0x0000947a   0x0000002a   Code   RO         4694    i.rtthread_startup  components.o
    0x000094a4   0x000094a4   0x00000030   Code   RO         1831    i.shell_auto_complete  shell.o
    0x000094d4   0x000094d4   0x00000034   Code   RO         1832    i.shell_handle_history  shell.o
    0x00009508   0x00009508   0x000000e0   Code   RO         1833    i.shell_push_history  shell.o
    0x000095e8   0x000095e8   0x00000038   Code   RO         2013    i.show_wait_queue   cmd.o
    0x00009620   0x00009620   0x00000024   Code   RO         4260    i.skip_atoi         kservice.o
    0x00009644   0x00009644   0x00000024   Code   RO         1945    i.str_common        msh.o
    0x00009668   0x00009668   0x00000040   Code   RO         1714    i.uart1_gpioinit    drv_usart.o
    0x000096a8   0x000096a8   0x0000000a   Code   RO         2014    i.version           cmd.o
    0x000096b2   0x000096b2   0x00001d70   Data   RO          182    .constdata          oled.o
    0x0000b422   0x0000b422   0x00000039   Data   RO          871    .constdata          completion.o
    0x0000b45b   0x0000b45b   0x00000088   Data   RO         1431    .constdata          pin.o
    0x0000b4e3   0x0000b4e3   0x000000c4   Data   RO         1504    .constdata          serial.o
    0x0000b5a7   0x0000b5a7   0x00000001   PAD
    0x0000b5a8   0x0000b5a8   0x0000001c   Data   RO         1637    .constdata          drv_gpio.o
    0x0000b5c4   0x0000b5c4   0x0000010c   Data   RO         1716    .constdata          drv_usart.o
    0x0000b6d0   0x0000b6d0   0x00000087   Data   RO         1835    .constdata          shell.o
    0x0000b757   0x0000b757   0x0000000e   Data   RO         1946    .constdata          msh.o
    0x0000b765   0x0000b765   0x00000003   PAD
    0x0000b768   0x0000b768   0x00000064   Data   RO         2015    .constdata          cmd.o
    0x0000b7cc   0x0000b7cc   0x00000018   Data   RO         2660    .constdata          sysctrl.o
    0x0000b7e4   0x0000b7e4   0x00000024   Data   RO         3706    .constdata          rtc.o
    0x0000b808   0x0000b808   0x0000004e   Data   RO         4149    .constdata          scheduler.o
    0x0000b856   0x0000b856   0x00000143   Data   RO         4262    .constdata          kservice.o
    0x0000b999   0x0000b999   0x000000ba   Data   RO         4499    .constdata          device.o
    0x0000ba53   0x0000ba53   0x00000014   Data   RO         4695    .constdata          components.o
    0x0000ba67   0x0000ba67   0x0000006c   Data   RO         4777    .constdata          timer.o
    0x0000bad3   0x0000bad3   0x0000021b   Data   RO         4937    .constdata          ipc.o
    0x0000bcee   0x0000bcee   0x00000080   Data   RO         5235    .constdata          object.o
    0x0000bd6e   0x0000bd6e   0x00000045   Data   RO         5395    .constdata          mem.o
    0x0000bdb3   0x0000bdb3   0x000000bb   Data   RO         5454    .constdata          thread.o
    0x0000be6e   0x0000be6e   0x00000002   PAD
    0x0000be70   0x0000be70   0x00000063   Data   RO         1505    .conststring        serial.o
    0x0000bed3   0x0000bed3   0x00000001   PAD
    0x0000bed4   0x0000bed4   0x00000006   Data   RO         1717    .conststring        drv_usart.o
    0x0000beda   0x0000beda   0x00000002   PAD
    0x0000bedc   0x0000bedc   0x000001a5   Data   RO         2016    .conststring        cmd.o
    0x0000c081   0x0000c081   0x00000003   PAD
    0x0000c084   0x0000c084   0x0000008b   Data   RO         4938    .conststring        ipc.o
    0x0000c10f   0x0000c10f   0x00000001   PAD
    0x0000c110   0x0000c110   0x000001a8   Data   RO         5396    .conststring        mem.o
    0x0000c2b8   0x0000c2b8   0x00000042   Data   RO         5455    .conststring        thread.o
    0x0000c2fa   0x0000c2fa   0x00000064   Data   RO         1947    .rodata.name        msh.o
    0x0000c35e   0x0000c35e   0x0000017f   Data   RO         2017    .rodata.name        cmd.o
    0x0000c4dd   0x0000c4dd   0x00000003   PAD
    0x0000c4e0   0x0000c4e0   0x00000004   Data   RO         4696    .rti_fn.0           components.o
    0x0000c4e4   0x0000c4e4   0x00000004   Data   RO         4697    .rti_fn.0.end       components.o
    0x0000c4e8   0x0000c4e8   0x00000004   Data   RO         1639    .rti_fn.1           drv_gpio.o
    0x0000c4ec   0x0000c4ec   0x00000004   Data   RO         1719    .rti_fn.1           drv_usart.o
    0x0000c4f0   0x0000c4f0   0x00000004   Data   RO         4698    .rti_fn.1.end       components.o
    0x0000c4f4   0x0000c4f4   0x00000004   Data   RO         1837    .rti_fn.6           shell.o
    0x0000c4f8   0x0000c4f8   0x00000004   Data   RO         4699    .rti_fn.6.end       components.o
    0x0000c4fc   0x0000c4fc   0x00000024   Data   RO         1948    FSymTab             msh.o
    0x0000c520   0x0000c520   0x00000084   Data   RO         2018    FSymTab             cmd.o
    0x0000c5a4   0x0000c5a4   0x00000020   Data   RO         5768    Region$$Table       anon$$obj.o


    Execution Region RW_IRAM1 (Exec base: 0x20000000, Load base: 0x0000c5c4, Size: 0x000014b8, Max: 0x00002000, ABSOLUTE, COMPRESSED[0x00000088])

    Exec Addr    Load Addr    Size         Type   Attr      Idx    E Section Name        Object

    0x20000000   COMPRESSED   0x00000007   Data   RW          351    .data               rtc_calendar.o
    0x20000007   COMPRESSED   0x00000002   Data   RW          392    .data               dht11.o
    0x20000009   COMPRESSED   0x00000003   PAD
    0x2000000c   COMPRESSED   0x0000000c   Data   RW          838    .data               cpuport.o
    0x20000018   COMPRESSED   0x00000004   Data   RW         1506    .data               serial.o
    0x2000001c   COMPRESSED   0x00000300   Data   RW         1638    .data               drv_gpio.o
    0x2000031c   COMPRESSED   0x00000060   Data   RW         1718    .data               drv_usart.o
    0x2000037c   COMPRESSED   0x00000010   Data   RW         1836    .data               shell.o
    0x2000038c   COMPRESSED   0x00000004   Data   RW         2202    .data               system_hc32l13x.o
    0x20000390   COMPRESSED   0x00000038   Data   RW         2483    .data               uart.o
    0x200003c8   COMPRESSED   0x00000008   Data   RW         3707    .data               rtc.o
    0x200003d0   COMPRESSED   0x00000018   Data   RW         4150    .data               scheduler.o
    0x200003e8   COMPRESSED   0x00000018   Data   RW         4263    .data               kservice.o
    0x20000400   COMPRESSED   0x00000008   Data   RW         4577    .data               clock.o
    0x20000408   COMPRESSED   0x00000020   Data   RW         4778    .data               timer.o
    0x20000428   COMPRESSED   0x00000009   Data   RW         5184    .data               irq.o
    0x20000431   COMPRESSED   0x00000003   PAD
    0x20000434   COMPRESSED   0x000000b4   Data   RW         5236    .data               object.o
    0x200004e8   COMPRESSED   0x00000008   Data   RW         5340    .data               idle.o
    0x200004f0   COMPRESSED   0x0000000c   Data   RW         5456    .data               thread.o
    0x200004fc        -       0x00000480   Zero   RW          181    .bss                oled.o
    0x2000097c        -       0x00000044   Zero   RW         1430    .bss                pin.o
    0x200009c0        -       0x0000005c   Zero   RW         1715    .bss                drv_usart.o
    0x20000a1c        -       0x00000081   Zero   RW         1834    .bss                shell.o
    0x20000a9d   COMPRESSED   0x00000003   PAD
    0x20000aa0        -       0x00000100   Zero   RW         4148    .bss                scheduler.o
    0x20000ba0        -       0x000000a4   Zero   RW         4261    .bss                kservice.o
    0x20000c44        -       0x00000280   Zero   RW         4776    .bss                timer.o
    0x20000ec4        -       0x00000190   Zero   RW         5339    .bss                idle.o
    0x20001054        -       0x00000060   Zero   RW         5648    .bss                c_p.l(libspace.o)
    0x200010b4   COMPRESSED   0x00000004   PAD
    0x200010b8        -       0x00000200   Zero   RW         2109    HEAP                startup_hc32l136.o
    0x200012b8        -       0x00000200   Zero   RW         2108    STACK               startup_hc32l136.o


==============================================================================

Image component sizes


      Code (inc. data)   RO Data    RW Data    ZI Data      Debug   Object Name

       274         42          0          0          0      10170   board.o
       116         16          0          8          0       1481   clock.o
      3480       1238       1036          0          0      18365   cmd.o
       712        276         57          0          0      10783   completion.o
       218         48         36          0          0       5272   components.o
       216         32          0          0          0        760   context_rvds.o
       308        166          0         12          0       2894   cpuport.o
         0          0          0          0          0       2484   dataqueue.o
       214         30          0          0          0       2664   ddl.o
      1028        434        186          0          0       7628   device.o
       576         16          0          2          0       4868   dht11.o
       992         38         32        768          0       7098   drv_gpio.o
      1526        344        278         96         92      13891   drv_usart.o
       772         46          0          0          0       7213   gpio.o
       284         34          0          8        400       6050   idle.o
       576         18          0          0          0      26005   interrupts_hc32l136.o
      2296        684        678          0          0      32071   ipc.o
       140         22          0          9          0       2170   irq.o
      2766        368        323         24        164      18767   kservice.o
       116         24          0          0          0       8583   main.o
      1564        560        493          0          0       6297   mem.o
       970        202        150          0          0       7580   msh.o
      1064        342        128        180          0      10474   object.o
      1592         50       7536          0       1152     144095   oled.o
       300         80        136          0         68       7721   pin.o
      1292         52         36          8          0      11884   rtc.o
       512         26          0          7          0       2194   rtc_calendar.o
      1096        256         78         24        256       7168   scheduler.o
      2128        436        295          4          0      11015   serial.o
      2680        320        139         16        129      11866   shell.o
        88         40        192          0       1024        708   startup_hc32l136.o
         0          0          0          0          0       1262   syscalls.o
       964         80         24          0          0       5095   sysctrl.o
        24          4          0          4          0       1295   system_hc32l13x.o
      2062        614        253         12          0      14258   thread.o
      2236        624        108         32        640      12751   timer.o
      1860         74          0         56          0      23146   uart.o
         0          0          0          0          0       2528   waitqueue.o
         0          0          0          0          0       2456   workqueue.o

    ----------------------------------------------------------------------
     37072       7636      12242       1276       3928     473010   Object Totals
         0          0         32          0          0          0   (incl. Generated)
        30          0         16          6          3          0   (incl. Padding)

    ----------------------------------------------------------------------

      Code (inc. data)   RO Data    RW Data    ZI Data      Debug   Library Member Name

        86          0          0          0          0          0   __dczerorl2.o
         8          0          0          0          0         68   __main.o
         0          0          0          0          0          0   __rtentry.o
        12          0          0          0          0          0   __rtentry2.o
         6          0          0          0          0          0   __rtentry4.o
        60          8          0          0          0          0   __scatter.o
        28          0          0          0          0          0   __scatter_zi.o
       346          0          0          0          0         92   aeabi_sdiv.o
        16          0          0          0          0         68   exit.o
         6          0          0          0          0        136   heapauxi.o
         2          0          0          0          0          0   libinit.o
         2          0          0          0          0          0   libinit2.o
         2          0          0          0          0          0   libshutdown.o
         2          0          0          0          0          0   libshutdown2.o
         8          4          0          0         96         68   libspace.o
        90          0          0          0          0         68   memcmp.o
        64          0          0          0          0        108   rt_memclr.o
        56          0          0          0          0         68   rt_memcpy.o
         2          0          0          0          0          0   rtexit.o
        10          0          0          0          0          0   rtexit2.o
        24          0          0          0          0         60   strcat.o
        76          6          0          0          0         72   strcpy.o
        68          6          0          0          0         72   strlen.o
       160          6          0          0          0         76   strncmp.o
       108          4          0          0          0         76   strncpy.o
        62          0          0          0          0         80   sys_stackheap_outer.o
         2          0          0          0          0         68   use_no_semi.o
         2          0          0          0          0         68   use_no_semi_2.o

    ----------------------------------------------------------------------
      1314         34          0          0        100       1248   Library Totals
         6          0          0          0          4          0   (incl. Padding)

    ----------------------------------------------------------------------

      Code (inc. data)   RO Data    RW Data    ZI Data      Debug   Library Name

      1308         34          0          0         96       1248   c_p.l

    ----------------------------------------------------------------------
      1314         34          0          0        100       1248   Library Totals

    ----------------------------------------------------------------------

==============================================================================


      Code (inc. data)   RO Data    RW Data    ZI Data      Debug   

     38386       7670      12242       1276       4028     459310   Grand Totals
     38386       7670      12242        136       4028     459310   ELF Image Totals (compressed)
     38386       7670      12242        136          0          0   ROM Totals

==============================================================================

    Total RO  Size (Code + RO Data)                50628 (  49.44kB)
    Total RW  Size (RW Data + ZI Data)              5304 (   5.18kB)
    Total ROM Size (Code + RO Data + RW Data)      50764 (  49.57kB)

==============================================================================

